Archive member included to satisfy reference by file (symbol)

c:/ac6/systemworkbench/plugins/fr.ac6.mcu.externaltools.arm-none.win32_1.16.0.201807130628/tools/compiler/bin/../lib/gcc/arm-none-eabi/7.2.1/thumb/v7e-m/fpv4-sp/hard\libgcc.a(_aeabi_ldivmod.o)
                              Drivers/STM32F4xx_HAL_Driver/Src/stm32f4xx_hal_rcc.o (__aeabi_ldivmod)
c:/ac6/systemworkbench/plugins/fr.ac6.mcu.externaltools.arm-none.win32_1.16.0.201807130628/tools/compiler/bin/../lib/gcc/arm-none-eabi/7.2.1/thumb/v7e-m/fpv4-sp/hard\libgcc.a(_aeabi_uldivmod.o)
                              Drivers/STM32F4xx_HAL_Driver/Src/stm32f4xx_hal_rcc.o (__aeabi_uldivmod)
c:/ac6/systemworkbench/plugins/fr.ac6.mcu.externaltools.arm-none.win32_1.16.0.201807130628/tools/compiler/bin/../lib/gcc/arm-none-eabi/7.2.1/thumb/v7e-m/fpv4-sp/hard\libgcc.a(_udivmoddi4.o)
                              c:/ac6/systemworkbench/plugins/fr.ac6.mcu.externaltools.arm-none.win32_1.16.0.201807130628/tools/compiler/bin/../lib/gcc/arm-none-eabi/7.2.1/thumb/v7e-m/fpv4-sp/hard\libgcc.a(_aeabi_ldivmod.o) (__udivmoddi4)
c:/ac6/systemworkbench/plugins/fr.ac6.mcu.externaltools.arm-none.win32_1.16.0.201807130628/tools/compiler/bin/../lib/gcc/arm-none-eabi/7.2.1/thumb/v7e-m/fpv4-sp/hard\libgcc.a(_dvmd_tls.o)
                              c:/ac6/systemworkbench/plugins/fr.ac6.mcu.externaltools.arm-none.win32_1.16.0.201807130628/tools/compiler/bin/../lib/gcc/arm-none-eabi/7.2.1/thumb/v7e-m/fpv4-sp/hard\libgcc.a(_aeabi_ldivmod.o) (__aeabi_ldiv0)
c:/ac6/systemworkbench/plugins/fr.ac6.mcu.externaltools.arm-none.win32_1.16.0.201807130628/tools/compiler/bin/../lib/gcc/arm-none-eabi/7.2.1/../../../../arm-none-eabi/lib/thumb/v7e-m/fpv4-sp/hard\libc_nano.a(lib_a-exit.o)
                              c:/ac6/systemworkbench/plugins/fr.ac6.mcu.externaltools.arm-none.win32_1.16.0.201807130628/tools/compiler/bin/../lib/gcc/arm-none-eabi/7.2.1/../../../../arm-none-eabi/lib/thumb/v7e-m/fpv4-sp/hard/crt0.o (exit)
c:/ac6/systemworkbench/plugins/fr.ac6.mcu.externaltools.arm-none.win32_1.16.0.201807130628/tools/compiler/bin/../lib/gcc/arm-none-eabi/7.2.1/../../../../arm-none-eabi/lib/thumb/v7e-m/fpv4-sp/hard\libc_nano.a(lib_a-impure.o)
                              c:/ac6/systemworkbench/plugins/fr.ac6.mcu.externaltools.arm-none.win32_1.16.0.201807130628/tools/compiler/bin/../lib/gcc/arm-none-eabi/7.2.1/../../../../arm-none-eabi/lib/thumb/v7e-m/fpv4-sp/hard\libc_nano.a(lib_a-exit.o) (_global_impure_ptr)
c:/ac6/systemworkbench/plugins/fr.ac6.mcu.externaltools.arm-none.win32_1.16.0.201807130628/tools/compiler/bin/../lib/gcc/arm-none-eabi/7.2.1/../../../../arm-none-eabi/lib/thumb/v7e-m/fpv4-sp/hard\libc_nano.a(lib_a-init.o)
                              c:/ac6/systemworkbench/plugins/fr.ac6.mcu.externaltools.arm-none.win32_1.16.0.201807130628/tools/compiler/bin/../lib/gcc/arm-none-eabi/7.2.1/../../../../arm-none-eabi/lib/thumb/v7e-m/fpv4-sp/hard/crt0.o (__libc_init_array)
c:/ac6/systemworkbench/plugins/fr.ac6.mcu.externaltools.arm-none.win32_1.16.0.201807130628/tools/compiler/bin/../lib/gcc/arm-none-eabi/7.2.1/../../../../arm-none-eabi/lib/thumb/v7e-m/fpv4-sp/hard\libc_nano.a(lib_a-memset.o)
                              c:/ac6/systemworkbench/plugins/fr.ac6.mcu.externaltools.arm-none.win32_1.16.0.201807130628/tools/compiler/bin/../lib/gcc/arm-none-eabi/7.2.1/../../../../arm-none-eabi/lib/thumb/v7e-m/fpv4-sp/hard/crt0.o (memset)
c:/ac6/systemworkbench/plugins/fr.ac6.mcu.externaltools.arm-none.win32_1.16.0.201807130628/tools/compiler/bin/../lib/gcc/arm-none-eabi/7.2.1/../../../../arm-none-eabi/lib/thumb/v7e-m/fpv4-sp/hard\libc_nano.a(lib_a-strlen.o)
                              Drivers/ILI9488/Src/FONTX2.o (strlen)
c:/ac6/systemworkbench/plugins/fr.ac6.mcu.externaltools.arm-none.win32_1.16.0.201807130628/tools/compiler/bin/../lib/gcc/arm-none-eabi/7.2.1/../../../../arm-none-eabi/lib/thumb/v7e-m/fpv4-sp/hard\libnosys.a(_exit.o)
                              c:/ac6/systemworkbench/plugins/fr.ac6.mcu.externaltools.arm-none.win32_1.16.0.201807130628/tools/compiler/bin/../lib/gcc/arm-none-eabi/7.2.1/../../../../arm-none-eabi/lib/thumb/v7e-m/fpv4-sp/hard\libc_nano.a(lib_a-exit.o) (_exit)

Allocating common symbols
Common symbol       size              file

hspi2               0x58              Src/main.o
FatFs               0x238             Src/main.o
hi2c1               0x54              Src/main.o
uwTick              0x4               Drivers/STM32F4xx_HAL_Driver/Src/stm32f4xx_hal.o
pFlash              0x20              Drivers/STM32F4xx_HAL_Driver/Src/stm32f4xx_hal_flash.o
hsram1              0x50              Src/main.o
mmcspi              0x58              Drivers/chan-fatfs/Src/mmc_stm32f4_hal.o
bw                  0x4               Src/main.o
Fil                 0x228             Src/main.o
hspi1               0x58              Src/main.o

Discarded input sections

[...]
Memory Configuration

Name             Origin             Length             Attributes
RAM              0x20000000         0x00020000         xrw
CCMRAM           0x10000000         0x00010000         rw
FLASH            0x08000000         0x00080000         xr
*default*        0x00000000         0xffffffff

Linker script and memory map

LOAD c:/ac6/systemworkbench/plugins/fr.ac6.mcu.externaltools.arm-none.win32_1.16.0.201807130628/tools/compiler/bin/../lib/gcc/arm-none-eabi/7.2.1/thumb/v7e-m/fpv4-sp/hard/crti.o
LOAD c:/ac6/systemworkbench/plugins/fr.ac6.mcu.externaltools.arm-none.win32_1.16.0.201807130628/tools/compiler/bin/../lib/gcc/arm-none-eabi/7.2.1/thumb/v7e-m/fpv4-sp/hard/crtbegin.o
LOAD c:/ac6/systemworkbench/plugins/fr.ac6.mcu.externaltools.arm-none.win32_1.16.0.201807130628/tools/compiler/bin/../lib/gcc/arm-none-eabi/7.2.1/../../../../arm-none-eabi/lib/thumb/v7e-m/fpv4-sp/hard/crt0.o
LOAD Drivers/ILI9488/Src/FONTX2.o
LOAD Drivers/ILI9488/Src/ILI9488.o
LOAD Drivers/ILI9488/Src/bitmap.o
LOAD Drivers/STM32F4xx_HAL_Driver/Src/stm32f4xx_hal.o
LOAD Drivers/STM32F4xx_HAL_Driver/Src/stm32f4xx_hal_cortex.o
LOAD Drivers/STM32F4xx_HAL_Driver/Src/stm32f4xx_hal_dma.o
LOAD Drivers/STM32F4xx_HAL_Driver/Src/stm32f4xx_hal_dma_ex.o
LOAD Drivers/STM32F4xx_HAL_Driver/Src/stm32f4xx_hal_flash.o
LOAD Drivers/STM32F4xx_HAL_Driver/Src/stm32f4xx_hal_flash_ex.o
LOAD Drivers/STM32F4xx_HAL_Driver/Src/stm32f4xx_hal_flash_ramfunc.o
LOAD Drivers/STM32F4xx_HAL_Driver/Src/stm32f4xx_hal_gpio.o
LOAD Drivers/STM32F4xx_HAL_Driver/Src/stm32f4xx_hal_i2c.o
LOAD Drivers/STM32F4xx_HAL_Driver/Src/stm32f4xx_hal_i2c_ex.o
LOAD Drivers/STM32F4xx_HAL_Driver/Src/stm32f4xx_hal_pwr.o
LOAD Drivers/STM32F4xx_HAL_Driver/Src/stm32f4xx_hal_pwr_ex.o
LOAD Drivers/STM32F4xx_HAL_Driver/Src/stm32f4xx_hal_rcc.o
LOAD Drivers/STM32F4xx_HAL_Driver/Src/stm32f4xx_hal_rcc_ex.o
LOAD Drivers/STM32F4xx_HAL_Driver/Src/stm32f4xx_hal_spi.o
LOAD Drivers/STM32F4xx_HAL_Driver/Src/stm32f4xx_hal_sram.o
LOAD Drivers/STM32F4xx_HAL_Driver/Src/stm32f4xx_hal_tim.o
LOAD Drivers/STM32F4xx_HAL_Driver/Src/stm32f4xx_hal_tim_ex.o
LOAD Drivers/STM32F4xx_HAL_Driver/Src/stm32f4xx_ll_fsmc.o
LOAD Drivers/chan-fatfs/Inc/ffsystem.o
LOAD Drivers/chan-fatfs/Src/ff.o
LOAD Drivers/chan-fatfs/Src/ffsystem.o
LOAD Drivers/chan-fatfs/Src/ffunicode.o
LOAD Drivers/chan-fatfs/Src/mmc_stm32f4_hal.o
LOAD Src/main.o
LOAD Src/stm32f4xx_hal_msp.o
LOAD Src/stm32f4xx_it.o
LOAD Src/system_stm32f4xx.o
LOAD startup/startup_stm32f407xx.o
LOAD c:/ac6/systemworkbench/plugins/fr.ac6.mcu.externaltools.arm-none.win32_1.16.0.201807130628/tools/compiler/bin/../lib/gcc/arm-none-eabi/7.2.1/../../../../arm-none-eabi/lib/thumb/v7e-m/fpv4-sp/hard\libm.a
START GROUP
LOAD c:/ac6/systemworkbench/plugins/fr.ac6.mcu.externaltools.arm-none.win32_1.16.0.201807130628/tools/compiler/bin/../lib/gcc/arm-none-eabi/7.2.1/thumb/v7e-m/fpv4-sp/hard\libgcc.a
LOAD c:/ac6/systemworkbench/plugins/fr.ac6.mcu.externaltools.arm-none.win32_1.16.0.201807130628/tools/compiler/bin/../lib/gcc/arm-none-eabi/7.2.1/../../../../arm-none-eabi/lib/thumb/v7e-m/fpv4-sp/hard\libc_nano.a
END GROUP
START GROUP
LOAD c:/ac6/systemworkbench/plugins/fr.ac6.mcu.externaltools.arm-none.win32_1.16.0.201807130628/tools/compiler/bin/../lib/gcc/arm-none-eabi/7.2.1/thumb/v7e-m/fpv4-sp/hard\libgcc.a
LOAD c:/ac6/systemworkbench/plugins/fr.ac6.mcu.externaltools.arm-none.win32_1.16.0.201807130628/tools/compiler/bin/../lib/gcc/arm-none-eabi/7.2.1/../../../../arm-none-eabi/lib/thumb/v7e-m/fpv4-sp/hard\libc_nano.a
LOAD c:/ac6/systemworkbench/plugins/fr.ac6.mcu.externaltools.arm-none.win32_1.16.0.201807130628/tools/compiler/bin/../lib/gcc/arm-none-eabi/7.2.1/../../../../arm-none-eabi/lib/thumb/v7e-m/fpv4-sp/hard\libnosys.a
END GROUP
START GROUP
LOAD c:/ac6/systemworkbench/plugins/fr.ac6.mcu.externaltools.arm-none.win32_1.16.0.201807130628/tools/compiler/bin/../lib/gcc/arm-none-eabi/7.2.1/thumb/v7e-m/fpv4-sp/hard\libgcc.a
LOAD c:/ac6/systemworkbench/plugins/fr.ac6.mcu.externaltools.arm-none.win32_1.16.0.201807130628/tools/compiler/bin/../lib/gcc/arm-none-eabi/7.2.1/../../../../arm-none-eabi/lib/thumb/v7e-m/fpv4-sp/hard\libc_nano.a
LOAD c:/ac6/systemworkbench/plugins/fr.ac6.mcu.externaltools.arm-none.win32_1.16.0.201807130628/tools/compiler/bin/../lib/gcc/arm-none-eabi/7.2.1/../../../../arm-none-eabi/lib/thumb/v7e-m/fpv4-sp/hard\libnosys.a
END GROUP
LOAD c:/ac6/systemworkbench/plugins/fr.ac6.mcu.externaltools.arm-none.win32_1.16.0.201807130628/tools/compiler/bin/../lib/gcc/arm-none-eabi/7.2.1/thumb/v7e-m/fpv4-sp/hard/crtend.o
LOAD c:/ac6/systemworkbench/plugins/fr.ac6.mcu.externaltools.arm-none.win32_1.16.0.201807130628/tools/compiler/bin/../lib/gcc/arm-none-eabi/7.2.1/thumb/v7e-m/fpv4-sp/hard/crtn.o
                0x20020000                _estack = 0x20020000
                0x00000200                _Min_Heap_Size = 0x200
                0x00000400                _Min_Stack_Size = 0x400

.isr_vector     0x08000000      0x188
                0x08000000                . = ALIGN (0x4)
 *(.isr_vector)
 .isr_vector    0x08000000      0x188 startup/startup_stm32f407xx.o
                0x08000000                g_pfnVectors
                0x08000188                . = ALIGN (0x4)

.text           0x08000188     0x6f94
                0x08000188                . = ALIGN (0x4)
 *(.text)
 .text          0x08000188       0x40 c:/ac6/systemworkbench/plugins/fr.ac6.mcu.externaltools.arm-none.win32_1.16.0.201807130628/tools/compiler/bin/../lib/gcc/arm-none-eabi/7.2.1/thumb/v7e-m/fpv4-sp/hard/crtbegin.o
 .text          0x080001c8       0x30 c:/ac6/systemworkbench/plugins/fr.ac6.mcu.externaltools.arm-none.win32_1.16.0.201807130628/tools/compiler/bin/../lib/gcc/arm-none-eabi/7.2.1/thumb/v7e-m/fpv4-sp/hard\libgcc.a(_aeabi_uldivmod.o)
                0x080001c8                __aeabi_uldivmod
 .text          0x080001f8      0x2cc c:/ac6/systemworkbench/plugins/fr.ac6.mcu.externaltools.arm-none.win32_1.16.0.201807130628/tools/compiler/bin/../lib/gcc/arm-none-eabi/7.2.1/thumb/v7e-m/fpv4-sp/hard\libgcc.a(_udivmoddi4.o)
                0x080001f8                __udivmoddi4
 .text          0x080004c4        0x4 c:/ac6/systemworkbench/plugins/fr.ac6.mcu.externaltools.arm-none.win32_1.16.0.201807130628/tools/compiler/bin/../lib/gcc/arm-none-eabi/7.2.1/thumb/v7e-m/fpv4-sp/hard\libgcc.a(_dvmd_tls.o)
                0x080004c4                __aeabi_idiv0
                0x080004c4                __aeabi_ldiv0
 .text          0x080004c8       0x10 c:/ac6/systemworkbench/plugins/fr.ac6.mcu.externaltools.arm-none.win32_1.16.0.201807130628/tools/compiler/bin/../lib/gcc/arm-none-eabi/7.2.1/../../../../arm-none-eabi/lib/thumb/v7e-m/fpv4-sp/hard\libc_nano.a(lib_a-strlen.o)
                0x080004c8                strlen
 *(.text*)
 .text.fx_writecharFF
                0x080004d8      0x268 Drivers/ILI9488/Src/FONTX2.o
                0x080004d8                fx_writecharFF
 .text.fx_writestrFF
                0x08000740       0xd4 Drivers/ILI9488/Src/FONTX2.o
                0x08000740                fx_writestrFF
 .text.ILI9488_drawRect
                0x08000814       0x88 Drivers/ILI9488/Src/ILI9488.o
                0x08000814                ILI9488_drawRect
 .text.ILI9488_drawDot
                0x0800089c       0x6c Drivers/ILI9488/Src/ILI9488.o
                0x0800089c                ILI9488_drawDot
 .text.ILI9488_puts
                0x08000908      0x43c Drivers/ILI9488/Src/ILI9488.o
                0x08000908                ILI9488_puts
 .text.ILI9488_init
                0x08000d44      0x1b8 Drivers/ILI9488/Src/ILI9488.o
                0x08000d44                ILI9488_init
 .text.drawBitmapFF
                0x08000efc      0x1f4 Drivers/ILI9488/Src/bitmap.o
                0x08000efc                drawBitmapFF
 .text.HAL_InitTick
                0x080010f0       0x44 Drivers/STM32F4xx_HAL_Driver/Src/stm32f4xx_hal.o
                0x080010f0                HAL_InitTick
 .text.HAL_Init
                0x08001134       0x34 Drivers/STM32F4xx_HAL_Driver/Src/stm32f4xx_hal.o
                0x08001134                HAL_Init
 .text.HAL_IncTick
                0x08001168       0x18 Drivers/STM32F4xx_HAL_Driver/Src/stm32f4xx_hal.o
                0x08001168                HAL_IncTick
 .text.HAL_GetTick
                0x08001180        0xc Drivers/STM32F4xx_HAL_Driver/Src/stm32f4xx_hal.o
                0x08001180                HAL_GetTick
 .text.HAL_Delay
                0x0800118c       0x24 Drivers/STM32F4xx_HAL_Driver/Src/stm32f4xx_hal.o
                0x0800118c                HAL_Delay
 .text.HAL_NVIC_SetPriorityGrouping
                0x080011b0       0x24 Drivers/STM32F4xx_HAL_Driver/Src/stm32f4xx_hal_cortex.o
                0x080011b0                HAL_NVIC_SetPriorityGrouping
 .text.HAL_NVIC_SetPriority
                0x080011d4       0x6c Drivers/STM32F4xx_HAL_Driver/Src/stm32f4xx_hal_cortex.o
                0x080011d4                HAL_NVIC_SetPriority
 .text.HAL_NVIC_EnableIRQ
                0x08001240       0x18 Drivers/STM32F4xx_HAL_Driver/Src/stm32f4xx_hal_cortex.o
                0x08001240                HAL_NVIC_EnableIRQ
 .text.HAL_SYSTICK_Config
                0x08001258       0x34 Drivers/STM32F4xx_HAL_Driver/Src/stm32f4xx_hal_cortex.o
                0x08001258                HAL_SYSTICK_Config
 .text.HAL_SYSTICK_CLKSourceConfig
                0x0800128c       0x18 Drivers/STM32F4xx_HAL_Driver/Src/stm32f4xx_hal_cortex.o
                0x0800128c                HAL_SYSTICK_CLKSourceConfig
 .text.HAL_SYSTICK_Callback
                0x080012a4        0x4 Drivers/STM32F4xx_HAL_Driver/Src/stm32f4xx_hal_cortex.o
                0x080012a4                HAL_SYSTICK_Callback
 .text.HAL_SYSTICK_IRQHandler
                0x080012a8        0x8 Drivers/STM32F4xx_HAL_Driver/Src/stm32f4xx_hal_cortex.o
                0x080012a8                HAL_SYSTICK_IRQHandler
 .text.HAL_GPIO_Init
                0x080012b0      0x244 Drivers/STM32F4xx_HAL_Driver/Src/stm32f4xx_hal_gpio.o
                0x080012b0                HAL_GPIO_Init
 .text.HAL_GPIO_WritePin
                0x080014f4        0x8 Drivers/STM32F4xx_HAL_Driver/Src/stm32f4xx_hal_gpio.o
                0x080014f4                HAL_GPIO_WritePin
 .text.HAL_GPIO_EXTI_IRQHandler
                0x080014fc       0x18 Drivers/STM32F4xx_HAL_Driver/Src/stm32f4xx_hal_gpio.o
                0x080014fc                HAL_GPIO_EXTI_IRQHandler
 .text.HAL_I2C_Init
                0x08001514       0xec Drivers/STM32F4xx_HAL_Driver/Src/stm32f4xx_hal_i2c.o
                0x08001514                HAL_I2C_Init
 .text.HAL_RCC_OscConfig
                0x08001600      0x374 Drivers/STM32F4xx_HAL_Driver/Src/stm32f4xx_hal_rcc.o
                0x08001600                HAL_RCC_OscConfig
 .text.HAL_RCC_GetSysClockFreq
                0x08001974       0x6c Drivers/STM32F4xx_HAL_Driver/Src/stm32f4xx_hal_rcc.o
                0x08001974                HAL_RCC_GetSysClockFreq
 .text.HAL_RCC_ClockConfig
                0x080019e0      0x134 Drivers/STM32F4xx_HAL_Driver/Src/stm32f4xx_hal_rcc.o
                0x080019e0                HAL_RCC_ClockConfig
 .text.HAL_RCC_GetHCLKFreq
                0x08001b14        0xc Drivers/STM32F4xx_HAL_Driver/Src/stm32f4xx_hal_rcc.o
                0x08001b14                HAL_RCC_GetHCLKFreq
 .text.HAL_RCC_GetPCLK1Freq
                0x08001b20       0x20 Drivers/STM32F4xx_HAL_Driver/Src/stm32f4xx_hal_rcc.o
                0x08001b20                HAL_RCC_GetPCLK1Freq
 .text.HAL_SPI_Init
                0x08001b40       0x80 Drivers/STM32F4xx_HAL_Driver/Src/stm32f4xx_hal_spi.o
                0x08001b40                HAL_SPI_Init
 .text.HAL_SPI_TransmitReceive
                0x08001bc0      0x368 Drivers/STM32F4xx_HAL_Driver/Src/stm32f4xx_hal_spi.o
                0x08001bc0                HAL_SPI_TransmitReceive
 .text.HAL_SRAM_Init
                0x08001f28       0x58 Drivers/STM32F4xx_HAL_Driver/Src/stm32f4xx_hal_sram.o
                0x08001f28                HAL_SRAM_Init
 .text.FSMC_NORSRAM_Init
                0x08001f80       0x58 Drivers/STM32F4xx_HAL_Driver/Src/stm32f4xx_ll_fsmc.o
                0x08001f80                FSMC_NORSRAM_Init
 .text.FSMC_NORSRAM_Timing_Init
                0x08001fd8       0x40 Drivers/STM32F4xx_HAL_Driver/Src/stm32f4xx_ll_fsmc.o
                0x08001fd8                FSMC_NORSRAM_Timing_Init
 .text.FSMC_NORSRAM_Extended_Timing_Init
                0x08002018       0x44 Drivers/STM32F4xx_HAL_Driver/Src/stm32f4xx_ll_fsmc.o
                0x08002018                FSMC_NORSRAM_Extended_Timing_Init
 .text.move_window.part.5
                0x0800205c       0x60 Drivers/chan-fatfs/Src/ff.o
 .text.dir_clear
                0x080020bc       0x90 Drivers/chan-fatfs/Src/ff.o
 .text.sync_fs  0x0800214c       0xe4 Drivers/chan-fatfs/Src/ff.o
 .text.put_fat.part.7
                0x08002230      0x264 Drivers/chan-fatfs/Src/ff.o
 .text.remove_chain
                0x08002494      0x4b0 Drivers/chan-fatfs/Src/ff.o
 .text.dir_sdi  0x08002944      0x2bc Drivers/chan-fatfs/Src/ff.o
 .text.dir_sdi.constprop.15
                0x08002c00      0x270 Drivers/chan-fatfs/Src/ff.o
 .text.get_fat.isra.8
                0x08002e70      0x1ec Drivers/chan-fatfs/Src/ff.o
 .text.create_chain
                0x0800305c      0x354 Drivers/chan-fatfs/Src/ff.o
 .text.dir_alloc
                0x080033b0      0x3c0 Drivers/chan-fatfs/Src/ff.o
 .text.dir_find
                0x08003770      0x33c Drivers/chan-fatfs/Src/ff.o
 .text.dir_register
                0x08003aac      0xa3c Drivers/chan-fatfs/Src/ff.o
 .text.follow_path
                0x080044e8      0x438 Drivers/chan-fatfs/Src/ff.o
 .text.find_volume
                0x08004920      0x6c0 Drivers/chan-fatfs/Src/ff.o
 .text.f_mount  0x08004fe0       0x6c Drivers/chan-fatfs/Src/ff.o
                0x08004fe0                f_mount
 .text.f_open   0x0800504c      0x234 Drivers/chan-fatfs/Src/ff.o
                0x0800504c                f_open
 .text.f_read   0x08005280      0x378 Drivers/chan-fatfs/Src/ff.o
                0x08005280                f_read
 .text.f_close  0x080055f8      0x134 Drivers/chan-fatfs/Src/ff.o
                0x080055f8                f_close
 .text.f_lseek  0x0800572c      0x3f4 Drivers/chan-fatfs/Src/ff.o
                0x0800572c                f_lseek
 .text.ff_uni2oem
                0x08005b20      0x1a4 Drivers/chan-fatfs/Src/ffunicode.o
                0x08005b20                ff_uni2oem
 .text.ff_wtoupper
                0x08005cc4       0xa4 Drivers/chan-fatfs/Src/ffunicode.o
                0x08005cc4                ff_wtoupper
 .text.send_cmd
                0x08005d68      0x1c4 Drivers/chan-fatfs/Src/mmc_stm32f4_hal.o
 .text.disk_initialize
                0x08005f2c      0x234 Drivers/chan-fatfs/Src/mmc_stm32f4_hal.o
                0x08005f2c                disk_initialize
 .text.disk_status
                0x08006160       0x14 Drivers/chan-fatfs/Src/mmc_stm32f4_hal.o
                0x08006160                disk_status
 .text.disk_read
                0x08006174      0x1e0 Drivers/chan-fatfs/Src/mmc_stm32f4_hal.o
                0x08006174                disk_read
 .text.disk_write
                0x08006354      0x298 Drivers/chan-fatfs/Src/mmc_stm32f4_hal.o
                0x08006354                disk_write
 .text.disk_ioctl
                0x080065ec      0x4b4 Drivers/chan-fatfs/Src/mmc_stm32f4_hal.o
                0x080065ec                disk_ioctl
 .text.SystemClock_Config
                0x08006aa0       0xac Src/main.o
                0x08006aa0                SystemClock_Config
 .text.startup.main
                0x08006b4c      0x278 Src/main.o
                0x08006b4c                main
 .text.HAL_GPIO_EXTI_Callback
                0x08006dc4        0x4 Src/main.o
                0x08006dc4                HAL_GPIO_EXTI_Callback
 .text._Error_Handler
                0x08006dc8        0x4 Src/main.o
                0x08006dc8                _Error_Handler
 .text.HAL_MspInit
                0x08006dcc       0x94 Src/stm32f4xx_hal_msp.o
                0x08006dcc                HAL_MspInit
 .text.HAL_I2C_MspInit
                0x08006e60       0x54 Src/stm32f4xx_hal_msp.o
                0x08006e60                HAL_I2C_MspInit
 .text.HAL_SPI_MspInit
                0x08006eb4       0xb0 Src/stm32f4xx_hal_msp.o
                0x08006eb4                HAL_SPI_MspInit
 .text.HAL_SRAM_MspInit
                0x08006f64       0x6c Src/stm32f4xx_hal_msp.o
                0x08006f64                HAL_SRAM_MspInit
 .text.NMI_Handler
                0x08006fd0        0x4 Src/stm32f4xx_it.o
                0x08006fd0                NMI_Handler
 .text.HardFault_Handler
                0x08006fd4        0x4 Src/stm32f4xx_it.o
                0x08006fd4                HardFault_Handler
 .text.MemManage_Handler
                0x08006fd8        0x4 Src/stm32f4xx_it.o
                0x08006fd8                MemManage_Handler
 .text.BusFault_Handler
                0x08006fdc        0x4 Src/stm32f4xx_it.o
                0x08006fdc                BusFault_Handler
 .text.UsageFault_Handler
                0x08006fe0        0x4 Src/stm32f4xx_it.o
                0x08006fe0                UsageFault_Handler
 .text.SVC_Handler
                0x08006fe4        0x4 Src/stm32f4xx_it.o
                0x08006fe4                SVC_Handler
 .text.DebugMon_Handler
                0x08006fe8        0x4 Src/stm32f4xx_it.o
                0x08006fe8                DebugMon_Handler
 .text.PendSV_Handler
                0x08006fec        0x4 Src/stm32f4xx_it.o
                0x08006fec                PendSV_Handler
 .text.SysTick_Handler
                0x08006ff0       0x10 Src/stm32f4xx_it.o
                0x08006ff0                SysTick_Handler
 .text.EXTI0_IRQHandler
                0x08007000        0x8 Src/stm32f4xx_it.o
                0x08007000                EXTI0_IRQHandler
 .text.SystemInit
                0x08007008       0x50 Src/system_stm32f4xx.o
                0x08007008                SystemInit
 .text.Reset_Handler
                0x08007058       0x50 startup/startup_stm32f407xx.o
                0x08007058                Reset_Handler
 .text.Default_Handler
                0x080070a8        0x2 startup/startup_stm32f407xx.o
                0x080070a8                RTC_Alarm_IRQHandler
                0x080070a8                HASH_RNG_IRQHandler
                0x080070a8                EXTI2_IRQHandler
                0x080070a8                TIM8_CC_IRQHandler
                0x080070a8                TIM1_CC_IRQHandler
                0x080070a8                DMA2_Stream5_IRQHandler
                0x080070a8                DMA1_Stream5_IRQHandler
                0x080070a8                PVD_IRQHandler
                0x080070a8                SDIO_IRQHandler
                0x080070a8                TAMP_STAMP_IRQHandler
                0x080070a8                CAN2_RX1_IRQHandler
                0x080070a8                EXTI3_IRQHandler
                0x080070a8                TIM8_TRG_COM_TIM14_IRQHandler
                0x080070a8                TIM1_UP_TIM10_IRQHandler
                0x080070a8                TIM8_UP_TIM13_IRQHandler
                0x080070a8                I2C3_ER_IRQHandler
                0x080070a8                I2C2_EV_IRQHandler
                0x080070a8                DMA1_Stream2_IRQHandler
                0x080070a8                CAN1_RX0_IRQHandler
                0x080070a8                FPU_IRQHandler
                0x080070a8                OTG_HS_WKUP_IRQHandler
                0x080070a8                CAN2_SCE_IRQHandler
                0x080070a8                DMA2_Stream2_IRQHandler
                0x080070a8                SPI1_IRQHandler
                0x080070a8                TIM6_DAC_IRQHandler
                0x080070a8                TIM1_BRK_TIM9_IRQHandler
                0x080070a8                DCMI_IRQHandler
                0x080070a8                CAN2_RX0_IRQHandler
                0x080070a8                DMA2_Stream3_IRQHandler
                0x080070a8                USART6_IRQHandler
                0x080070a8                USART3_IRQHandler
                0x080070a8                CAN1_RX1_IRQHandler
                0x080070a8                UART5_IRQHandler
                0x080070a8                DMA2_Stream0_IRQHandler
                0x080070a8                TIM4_IRQHandler
                0x080070a8                I2C1_EV_IRQHandler
                0x080070a8                DMA1_Stream6_IRQHandler
                0x080070a8                DMA1_Stream1_IRQHandler
                0x080070a8                UART4_IRQHandler
                0x080070a8                TIM3_IRQHandler
                0x080070a8                RCC_IRQHandler
                0x080070a8                TIM8_BRK_TIM12_IRQHandler
                0x080070a8                Default_Handler
                0x080070a8                EXTI15_10_IRQHandler
                0x080070a8                ADC_IRQHandler
                0x080070a8                DMA1_Stream7_IRQHandler
                0x080070a8                TIM7_IRQHandler
                0x080070a8                CAN2_TX_IRQHandler
                0x080070a8                TIM5_IRQHandler
                0x080070a8                DMA2_Stream7_IRQHandler
                0x080070a8                I2C3_EV_IRQHandler
                0x080070a8                EXTI9_5_IRQHandler
                0x080070a8                RTC_WKUP_IRQHandler
                0x080070a8                ETH_WKUP_IRQHandler
                0x080070a8                SPI2_IRQHandler
                0x080070a8                OTG_HS_EP1_IN_IRQHandler
                0x080070a8                DMA1_Stream0_IRQHandler
                0x080070a8                CAN1_TX_IRQHandler
                0x080070a8                EXTI4_IRQHandler
                0x080070a8                FSMC_IRQHandler
                0x080070a8                ETH_IRQHandler
                0x080070a8                OTG_HS_EP1_OUT_IRQHandler
                0x080070a8                WWDG_IRQHandler
                0x080070a8                TIM2_IRQHandler
                0x080070a8                OTG_FS_WKUP_IRQHandler
                0x080070a8                TIM1_TRG_COM_TIM11_IRQHandler
                0x080070a8                OTG_HS_IRQHandler
                0x080070a8                EXTI1_IRQHandler
                0x080070a8                USART2_IRQHandler
                0x080070a8                I2C2_ER_IRQHandler
                0x080070a8                DMA2_Stream1_IRQHandler
                0x080070a8                CAN1_SCE_IRQHandler
                0x080070a8                FLASH_IRQHandler
                0x080070a8                DMA2_Stream4_IRQHandler
                0x080070a8                USART1_IRQHandler
                0x080070a8                OTG_FS_IRQHandler
                0x080070a8                SPI3_IRQHandler
                0x080070a8                DMA1_Stream4_IRQHandler
                0x080070a8                I2C1_ER_IRQHandler
                0x080070a8                DMA2_Stream6_IRQHandler
                0x080070a8                DMA1_Stream3_IRQHandler
 *fill*         0x080070aa        0x2 
 .text.__libc_init_array
                0x080070ac       0x48 c:/ac6/systemworkbench/plugins/fr.ac6.mcu.externaltools.arm-none.win32_1.16.0.201807130628/tools/compiler/bin/../lib/gcc/arm-none-eabi/7.2.1/../../../../arm-none-eabi/lib/thumb/v7e-m/fpv4-sp/hard\libc_nano.a(lib_a-init.o)
                0x080070ac                __libc_init_array
 .text.memset   0x080070f4       0x10 c:/ac6/systemworkbench/plugins/fr.ac6.mcu.externaltools.arm-none.win32_1.16.0.201807130628/tools/compiler/bin/../lib/gcc/arm-none-eabi/7.2.1/../../../../arm-none-eabi/lib/thumb/v7e-m/fpv4-sp/hard\libc_nano.a(lib_a-memset.o)
                0x080070f4                memset
 *(.glue_7)
 .glue_7        0x08007104        0x0 linker stubs
 *(.glue_7t)
 .glue_7t       0x08007104        0x0 linker stubs
 *(.eh_frame)
 .eh_frame      0x08007104        0x0 c:/ac6/systemworkbench/plugins/fr.ac6.mcu.externaltools.arm-none.win32_1.16.0.201807130628/tools/compiler/bin/../lib/gcc/arm-none-eabi/7.2.1/thumb/v7e-m/fpv4-sp/hard/crtbegin.o
 *(.init)
 .init          0x08007104        0x4 c:/ac6/systemworkbench/plugins/fr.ac6.mcu.externaltools.arm-none.win32_1.16.0.201807130628/tools/compiler/bin/../lib/gcc/arm-none-eabi/7.2.1/thumb/v7e-m/fpv4-sp/hard/crti.o
                0x08007104                _init
 .init          0x08007108        0x8 c:/ac6/systemworkbench/plugins/fr.ac6.mcu.externaltools.arm-none.win32_1.16.0.201807130628/tools/compiler/bin/../lib/gcc/arm-none-eabi/7.2.1/thumb/v7e-m/fpv4-sp/hard/crtn.o
 *(.fini)
 .fini          0x08007110        0x4 c:/ac6/systemworkbench/plugins/fr.ac6.mcu.externaltools.arm-none.win32_1.16.0.201807130628/tools/compiler/bin/../lib/gcc/arm-none-eabi/7.2.1/thumb/v7e-m/fpv4-sp/hard/crti.o
                0x08007110                _fini
 .fini          0x08007114        0x8 c:/ac6/systemworkbench/plugins/fr.ac6.mcu.externaltools.arm-none.win32_1.16.0.201807130628/tools/compiler/bin/../lib/gcc/arm-none-eabi/7.2.1/thumb/v7e-m/fpv4-sp/hard/crtn.o
                0x0800711c                . = ALIGN (0x4)
                0x0800711c                _etext = .

.vfp11_veneer   0x0800711c        0x0
 .vfp11_veneer  0x0800711c        0x0 linker stubs

.v4_bx          0x0800711c        0x0
 .v4_bx         0x0800711c        0x0 linker stubs

.iplt           0x0800711c        0x0
 .iplt          0x0800711c        0x0 c:/ac6/systemworkbench/plugins/fr.ac6.mcu.externaltools.arm-none.win32_1.16.0.201807130628/tools/compiler/bin/../lib/gcc/arm-none-eabi/7.2.1/thumb/v7e-m/fpv4-sp/hard/crtbegin.o

.rodata         0x0800711c     0xefac
                0x0800711c                . = ALIGN (0x4)
 *(.rodata)
 .rodata        0x0800711c      0x500 Drivers/ILI9488/Src/ILI9488.o
 .rodata        0x0800761c       0x22 Drivers/chan-fatfs/Src/ff.o
 *fill*         0x0800763e        0x2 
 .rodata        0x08007640     0xe9a0 Drivers/chan-fatfs/Src/ffunicode.o
 .rodata        0x08015fe0       0x18 Src/system_stm32f4xx.o
                0x08015fe0                AHBPrescTable
                0x08015ff0                APBPrescTable
 *(.rodata*)
 .rodata.str1.4
                0x08015ff8       0x1c Drivers/ILI9488/Src/FONTX2.o
 .rodata.str1.4
                0x08016014       0x48 Drivers/chan-fatfs/Src/ff.o
 .rodata.str1.4
                0x0801605c       0x2c Drivers/chan-fatfs/Src/mmc_stm32f4_hal.o
 .rodata.str1.4
                0x08016088       0x40 Src/main.o
                                 0x42 (size before relaxing)
                0x080160c8                . = ALIGN (0x4)

.ARM.extab
 *(.ARM.extab* .gnu.linkonce.armextab.*)

.ARM            0x080160c8        0x8
                0x080160c8                __exidx_start = .
 *(.ARM.exidx*)
 .ARM.exidx     0x080160c8        0x8 c:/ac6/systemworkbench/plugins/fr.ac6.mcu.externaltools.arm-none.win32_1.16.0.201807130628/tools/compiler/bin/../lib/gcc/arm-none-eabi/7.2.1/thumb/v7e-m/fpv4-sp/hard\libgcc.a(_udivmoddi4.o)
                0x080160d0                __exidx_end = .

.rel.dyn        0x080160d0        0x0
 .rel.iplt      0x080160d0        0x0 c:/ac6/systemworkbench/plugins/fr.ac6.mcu.externaltools.arm-none.win32_1.16.0.201807130628/tools/compiler/bin/../lib/gcc/arm-none-eabi/7.2.1/thumb/v7e-m/fpv4-sp/hard/crtbegin.o

.preinit_array  0x080160d0        0x0
                0x080160d0                PROVIDE (__preinit_array_start, .)
 *(.preinit_array*)
                0x080160d0                PROVIDE (__preinit_array_end, .)

.init_array     0x080160d0        0x4
                0x080160d0                PROVIDE (__init_array_start, .)
 *(SORT_BY_NAME(.init_array.*))
 *(.init_array*)
 .init_array    0x080160d0        0x4 c:/ac6/systemworkbench/plugins/fr.ac6.mcu.externaltools.arm-none.win32_1.16.0.201807130628/tools/compiler/bin/../lib/gcc/arm-none-eabi/7.2.1/thumb/v7e-m/fpv4-sp/hard/crtbegin.o
                0x080160d4                PROVIDE (__init_array_end, .)

.fini_array     0x080160d4        0x4
                [!provide]                PROVIDE (__fini_array_start, .)
 *(SORT_BY_NAME(.fini_array.*))
 *(.fini_array*)
 .fini_array    0x080160d4        0x4 c:/ac6/systemworkbench/plugins/fr.ac6.mcu.externaltools.arm-none.win32_1.16.0.201807130628/tools/compiler/bin/../lib/gcc/arm-none-eabi/7.2.1/thumb/v7e-m/fpv4-sp/hard/crtbegin.o
                [!provide]                PROVIDE (__fini_array_end, .)
                0x080160d8                _sidata = LOADADDR (.data)

.data           0x20000000       0x10 load address 0x080160d8
                0x20000000                . = ALIGN (0x4)
                0x20000000                _sdata = .
 *(.data)
 .data          0x20000000        0x8 Drivers/STM32F4xx_HAL_Driver/Src/stm32f4xx_hal.o
                0x20000000                uwTickFreq
                0x20000004                uwTickPrio
 .data          0x20000008        0x1 Drivers/chan-fatfs/Src/mmc_stm32f4_hal.o
 *fill*         0x20000009        0x3 
 .data          0x2000000c        0x4 Src/system_stm32f4xx.o
                0x2000000c                SystemCoreClock
 *(.data*)
                0x20000010                . = ALIGN (0x4)
                0x20000010                _edata = .
                0x080160e8                _siccmram = LOADADDR (.ccmram)

.igot.plt       0x20000010        0x0 load address 0x080160e8
 .igot.plt      0x20000010        0x0 c:/ac6/systemworkbench/plugins/fr.ac6.mcu.externaltools.arm-none.win32_1.16.0.201807130628/tools/compiler/bin/../lib/gcc/arm-none-eabi/7.2.1/thumb/v7e-m/fpv4-sp/hard/crtbegin.o

.ccmram         0x10000000        0x0 load address 0x080160e8
                0x10000000                . = ALIGN (0x4)
                0x10000000                _sccmram = .
 *(.ccmram)
 *(.ccmram*)
                0x10000000                . = ALIGN (0x4)
                0x10000000                _eccmram = .
                0x10000000                . = ALIGN (0x4)

.bss            0x20000010      0x750
                0x20000010                _sbss = .
                0x20000010                __bss_start__ = _sbss
 *(.bss)
 .bss           0x20000010       0x1c c:/ac6/systemworkbench/plugins/fr.ac6.mcu.externaltools.arm-none.win32_1.16.0.201807130628/tools/compiler/bin/../lib/gcc/arm-none-eabi/7.2.1/thumb/v7e-m/fpv4-sp/hard/crtbegin.o
 .bss           0x2000002c      0x10c Drivers/chan-fatfs/Src/ff.o
 .bss           0x20000138        0x9 Drivers/chan-fatfs/Src/mmc_stm32f4_hal.o
 *fill*         0x20000141        0x3 
 .bss           0x20000144        0x8 Src/stm32f4xx_hal_msp.o
 *(.bss*)
 *(COMMON)
 COMMON         0x2000014c        0x4 Drivers/STM32F4xx_HAL_Driver/Src/stm32f4xx_hal.o
                0x2000014c                uwTick
 COMMON         0x20000150       0x58 Drivers/chan-fatfs/Src/mmc_stm32f4_hal.o
                0x20000150                mmcspi
 COMMON         0x200001a8      0x5b8 Src/main.o
                0x200001a8                hspi2
                0x20000200                FatFs
                0x20000438                hi2c1
                0x2000048c                hsram1
                0x200004dc                bw
                0x200004e0                Fil
                0x20000708                hspi1
                0x20000760                . = ALIGN (0x4)
                0x20000760                _ebss = .
                0x20000760                __bss_end__ = _ebss

._user_heap_stack
                0x20000760      0x600
                0x20000760                . = ALIGN (0x8)
                [!provide]                PROVIDE (end, .)
                [!provide]                PROVIDE (_end, .)
                0x20000960                . = (. + _Min_Heap_Size)
 *fill*         0x20000760      0x200 
                0x20000d60                . = (. + _Min_Stack_Size)
 *fill*         0x20000960      0x400 
                0x20000d60                . = ALIGN (0x8)

/DISCARD/
 libc.a(*)
 libm.a(*)
 libgcc.a(*)

.ARM.attributes
                0x00000000       0x30
 *(.ARM.attributes)
 .ARM.attributes
                0x00000000       0x22 c:/ac6/systemworkbench/plugins/fr.ac6.mcu.externaltools.arm-none.win32_1.16.0.201807130628/tools/compiler/bin/../lib/gcc/arm-none-eabi/7.2.1/thumb/v7e-m/fpv4-sp/hard/crti.o
 .ARM.attributes
                0x00000022       0x34 c:/ac6/systemworkbench/plugins/fr.ac6.mcu.externaltools.arm-none.win32_1.16.0.201807130628/tools/compiler/bin/../lib/gcc/arm-none-eabi/7.2.1/thumb/v7e-m/fpv4-sp/hard/crtbegin.o
 .ARM.attributes
                0x00000056       0x39 Drivers/ILI9488/Src/FONTX2.o
 .ARM.attributes
                0x0000008f       0x39 Drivers/ILI9488/Src/ILI9488.o
 .ARM.attributes
                0x000000c8       0x39 Drivers/ILI9488/Src/bitmap.o
 .ARM.attributes
                0x00000101       0x39 Drivers/STM32F4xx_HAL_Driver/Src/stm32f4xx_hal.o
 .ARM.attributes
                0x0000013a       0x39 Drivers/STM32F4xx_HAL_Driver/Src/stm32f4xx_hal_cortex.o
 .ARM.attributes
                0x00000173       0x39 Drivers/STM32F4xx_HAL_Driver/Src/stm32f4xx_hal_gpio.o
 .ARM.attributes
                0x000001ac       0x39 Drivers/STM32F4xx_HAL_Driver/Src/stm32f4xx_hal_i2c.o
 .ARM.attributes
                0x000001e5       0x39 Drivers/STM32F4xx_HAL_Driver/Src/stm32f4xx_hal_rcc.o
 .ARM.attributes
                0x0000021e       0x39 Drivers/STM32F4xx_HAL_Driver/Src/stm32f4xx_hal_spi.o
 .ARM.attributes
                0x00000257       0x39 Drivers/STM32F4xx_HAL_Driver/Src/stm32f4xx_hal_sram.o
 .ARM.attributes
                0x00000290       0x39 Drivers/STM32F4xx_HAL_Driver/Src/stm32f4xx_ll_fsmc.o
 .ARM.attributes
                0x000002c9       0x39 Drivers/chan-fatfs/Src/ff.o
 .ARM.attributes
                0x00000302       0x39 Drivers/chan-fatfs/Src/ffunicode.o
 .ARM.attributes
                0x0000033b       0x39 Drivers/chan-fatfs/Src/mmc_stm32f4_hal.o
 .ARM.attributes
                0x00000374       0x39 Src/main.o
 .ARM.attributes
                0x000003ad       0x39 Src/stm32f4xx_hal_msp.o
 .ARM.attributes
                0x000003e6       0x39 Src/stm32f4xx_it.o
 .ARM.attributes
                0x0000041f       0x39 Src/system_stm32f4xx.o
 .ARM.attributes
                0x00000458       0x21 startup/startup_stm32f407xx.o
 .ARM.attributes
                0x00000479       0x22 c:/ac6/systemworkbench/plugins/fr.ac6.mcu.externaltools.arm-none.win32_1.16.0.201807130628/tools/compiler/bin/../lib/gcc/arm-none-eabi/7.2.1/thumb/v7e-m/fpv4-sp/hard\libgcc.a(_aeabi_uldivmod.o)
 .ARM.attributes
                0x0000049b       0x34 c:/ac6/systemworkbench/plugins/fr.ac6.mcu.externaltools.arm-none.win32_1.16.0.201807130628/tools/compiler/bin/../lib/gcc/arm-none-eabi/7.2.1/thumb/v7e-m/fpv4-sp/hard\libgcc.a(_udivmoddi4.o)
 .ARM.attributes
                0x000004cf       0x22 c:/ac6/systemworkbench/plugins/fr.ac6.mcu.externaltools.arm-none.win32_1.16.0.201807130628/tools/compiler/bin/../lib/gcc/arm-none-eabi/7.2.1/thumb/v7e-m/fpv4-sp/hard\libgcc.a(_dvmd_tls.o)
 .ARM.attributes
                0x000004f1       0x34 c:/ac6/systemworkbench/plugins/fr.ac6.mcu.externaltools.arm-none.win32_1.16.0.201807130628/tools/compiler/bin/../lib/gcc/arm-none-eabi/7.2.1/../../../../arm-none-eabi/lib/thumb/v7e-m/fpv4-sp/hard\libc_nano.a(lib_a-init.o)
 .ARM.attributes
                0x00000525       0x34 c:/ac6/systemworkbench/plugins/fr.ac6.mcu.externaltools.arm-none.win32_1.16.0.201807130628/tools/compiler/bin/../lib/gcc/arm-none-eabi/7.2.1/../../../../arm-none-eabi/lib/thumb/v7e-m/fpv4-sp/hard\libc_nano.a(lib_a-memset.o)
 .ARM.attributes
                0x00000559       0x1b c:/ac6/systemworkbench/plugins/fr.ac6.mcu.externaltools.arm-none.win32_1.16.0.201807130628/tools/compiler/bin/../lib/gcc/arm-none-eabi/7.2.1/../../../../arm-none-eabi/lib/thumb/v7e-m/fpv4-sp/hard\libc_nano.a(lib_a-strlen.o)
 .ARM.attributes
                0x00000574       0x22 c:/ac6/systemworkbench/plugins/fr.ac6.mcu.externaltools.arm-none.win32_1.16.0.201807130628/tools/compiler/bin/../lib/gcc/arm-none-eabi/7.2.1/thumb/v7e-m/fpv4-sp/hard/crtn.o
OUTPUT(fff.elf elf32-littlearm)

.debug_info     0x00000000    0x28ccf
 .debug_info    0x00000000     0x1761 Drivers/ILI9488/Src/FONTX2.o
 .debug_info    0x00001761     0x5181 Drivers/ILI9488/Src/ILI9488.o
 .debug_info    0x000068e2     0x13cd Drivers/ILI9488/Src/bitmap.o
 .debug_info    0x00007caf     0x1201 Drivers/STM32F4xx_HAL_Driver/Src/stm32f4xx_hal.o
 .debug_info    0x00008eb0     0x1753 Drivers/STM32F4xx_HAL_Driver/Src/stm32f4xx_hal_cortex.o
 .debug_info    0x0000a603      0xf98 Drivers/STM32F4xx_HAL_Driver/Src/stm32f4xx_hal_gpio.o
 .debug_info    0x0000b59b     0x40ec Drivers/STM32F4xx_HAL_Driver/Src/stm32f4xx_hal_i2c.o
 .debug_info    0x0000f687     0x1297 Drivers/STM32F4xx_HAL_Driver/Src/stm32f4xx_hal_rcc.o
 .debug_info    0x0001091e     0x290a Drivers/STM32F4xx_HAL_Driver/Src/stm32f4xx_hal_spi.o
 .debug_info    0x00013228     0x13e6 Drivers/STM32F4xx_HAL_Driver/Src/stm32f4xx_hal_sram.o
 .debug_info    0x0001460e     0x12c8 Drivers/STM32F4xx_HAL_Driver/Src/stm32f4xx_ll_fsmc.o
 .debug_info    0x000158d6     0xa4ab Drivers/chan-fatfs/Src/ff.o
 .debug_info    0x0001fd81      0x2c8 Drivers/chan-fatfs/Src/ffunicode.o
 .debug_info    0x00020049     0x3126 Drivers/chan-fatfs/Src/mmc_stm32f4_hal.o
 .debug_info    0x0002316f     0x2820 Src/main.o
 .debug_info    0x0002598f     0x1bc4 Src/stm32f4xx_hal_msp.o
 .debug_info    0x00027553      0xa31 Src/stm32f4xx_it.o
 .debug_info    0x00027f84      0xd29 Src/system_stm32f4xx.o
 .debug_info    0x00028cad       0x22 startup/startup_stm32f407xx.o

.debug_abbrev   0x00000000     0x37fa
 .debug_abbrev  0x00000000      0x308 Drivers/ILI9488/Src/FONTX2.o
 .debug_abbrev  0x00000308      0x392 Drivers/ILI9488/Src/ILI9488.o
 .debug_abbrev  0x0000069a      0x2bc Drivers/ILI9488/Src/bitmap.o
 .debug_abbrev  0x00000956      0x347 Drivers/STM32F4xx_HAL_Driver/Src/stm32f4xx_hal.o
 .debug_abbrev  0x00000c9d      0x3ce Drivers/STM32F4xx_HAL_Driver/Src/stm32f4xx_hal_cortex.o
 .debug_abbrev  0x0000106b      0x2a5 Drivers/STM32F4xx_HAL_Driver/Src/stm32f4xx_hal_gpio.o
 .debug_abbrev  0x00001310      0x424 Drivers/STM32F4xx_HAL_Driver/Src/stm32f4xx_hal_i2c.o
 .debug_abbrev  0x00001734      0x383 Drivers/STM32F4xx_HAL_Driver/Src/stm32f4xx_hal_rcc.o
 .debug_abbrev  0x00001ab7      0x428 Drivers/STM32F4xx_HAL_Driver/Src/stm32f4xx_hal_spi.o
 .debug_abbrev  0x00001edf      0x2c2 Drivers/STM32F4xx_HAL_Driver/Src/stm32f4xx_hal_sram.o
 .debug_abbrev  0x000021a1      0x279 Drivers/STM32F4xx_HAL_Driver/Src/stm32f4xx_ll_fsmc.o
 .debug_abbrev  0x0000241a      0x3a8 Drivers/chan-fatfs/Src/ff.o
 .debug_abbrev  0x000027c2       0xf3 Drivers/chan-fatfs/Src/ffunicode.o
 .debug_abbrev  0x000028b5      0x412 Drivers/chan-fatfs/Src/mmc_stm32f4_hal.o
 .debug_abbrev  0x00002cc7      0x3bd Src/main.o
 .debug_abbrev  0x00003084      0x30f Src/stm32f4xx_hal_msp.o
 .debug_abbrev  0x00003393      0x250 Src/stm32f4xx_it.o
 .debug_abbrev  0x000035e3      0x205 Src/system_stm32f4xx.o
 .debug_abbrev  0x000037e8       0x12 startup/startup_stm32f407xx.o

.debug_loc      0x00000000    0x2137d
 .debug_loc     0x00000000      0x64c Drivers/ILI9488/Src/FONTX2.o
 .debug_loc     0x0000064c     0x1eca Drivers/ILI9488/Src/ILI9488.o
 .debug_loc     0x00002516      0x5ef Drivers/ILI9488/Src/bitmap.o
 .debug_loc     0x00002b05      0x10d Drivers/STM32F4xx_HAL_Driver/Src/stm32f4xx_hal.o
 .debug_loc     0x00002c12      0x5c9 Drivers/STM32F4xx_HAL_Driver/Src/stm32f4xx_hal_cortex.o
 .debug_loc     0x000031db      0x48f Drivers/STM32F4xx_HAL_Driver/Src/stm32f4xx_hal_gpio.o
 .debug_loc     0x0000366a     0x4411 Drivers/STM32F4xx_HAL_Driver/Src/stm32f4xx_hal_i2c.o
 .debug_loc     0x00007a7b      0x3d0 Drivers/STM32F4xx_HAL_Driver/Src/stm32f4xx_hal_rcc.o
 .debug_loc     0x00007e4b     0x29ad Drivers/STM32F4xx_HAL_Driver/Src/stm32f4xx_hal_spi.o
 .debug_loc     0x0000a7f8      0x858 Drivers/STM32F4xx_HAL_Driver/Src/stm32f4xx_hal_sram.o
 .debug_loc     0x0000b050      0x73f Drivers/STM32F4xx_HAL_Driver/Src/stm32f4xx_ll_fsmc.o
 .debug_loc     0x0000b78f    0x13e29 Drivers/chan-fatfs/Src/ff.o
 .debug_loc     0x0001f5b8      0xa27 Drivers/chan-fatfs/Src/ffunicode.o
 .debug_loc     0x0001ffdf     0x115a Drivers/chan-fatfs/Src/mmc_stm32f4_hal.o
 .debug_loc     0x00021139       0xf8 Src/stm32f4xx_hal_msp.o
 .debug_loc     0x00021231      0x14c Src/system_stm32f4xx.o

.debug_aranges  0x00000000      0xa50
 .debug_aranges
                0x00000000       0x30 Drivers/ILI9488/Src/FONTX2.o
 .debug_aranges
                0x00000030       0x78 Drivers/ILI9488/Src/ILI9488.o
 .debug_aranges
                0x000000a8       0x28 Drivers/ILI9488/Src/bitmap.o
 .debug_aranges
                0x000000d0       0xd8 Drivers/STM32F4xx_HAL_Driver/Src/stm32f4xx_hal.o
 .debug_aranges
                0x000001a8       0xa8 Drivers/STM32F4xx_HAL_Driver/Src/stm32f4xx_hal_cortex.o
 .debug_aranges
                0x00000250       0x58 Drivers/STM32F4xx_HAL_Driver/Src/stm32f4xx_hal_gpio.o
 .debug_aranges
                0x000002a8      0x158 Drivers/STM32F4xx_HAL_Driver/Src/stm32f4xx_hal_i2c.o
 .debug_aranges
                0x00000400       0x88 Drivers/STM32F4xx_HAL_Driver/Src/stm32f4xx_hal_rcc.o
 .debug_aranges
                0x00000488      0x168 Drivers/STM32F4xx_HAL_Driver/Src/stm32f4xx_hal_spi.o
 .debug_aranges
                0x000005f0       0x88 Drivers/STM32F4xx_HAL_Driver/Src/stm32f4xx_hal_sram.o
 .debug_aranges
                0x00000678       0xa8 Drivers/STM32F4xx_HAL_Driver/Src/stm32f4xx_ll_fsmc.o
 .debug_aranges
                0x00000720      0x188 Drivers/chan-fatfs/Src/ff.o
 .debug_aranges
                0x000008a8       0x30 Drivers/chan-fatfs/Src/ffunicode.o
 .debug_aranges
                0x000008d8       0x50 Drivers/chan-fatfs/Src/mmc_stm32f4_hal.o
 .debug_aranges
                0x00000928       0x38 Src/main.o
 .debug_aranges
                0x00000960       0x50 Src/stm32f4xx_hal_msp.o
 .debug_aranges
                0x000009b0       0x50 Src/stm32f4xx_it.o
 .debug_aranges
                0x00000a00       0x28 Src/system_stm32f4xx.o
 .debug_aranges
                0x00000a28       0x28 startup/startup_stm32f407xx.o

.debug_ranges   0x00000000     0x6220
 .debug_ranges  0x00000000      0x128 Drivers/ILI9488/Src/FONTX2.o
 .debug_ranges  0x00000128     0x1790 Drivers/ILI9488/Src/ILI9488.o
 .debug_ranges  0x000018b8       0xa0 Drivers/ILI9488/Src/bitmap.o
 .debug_ranges  0x00001958       0xc8 Drivers/STM32F4xx_HAL_Driver/Src/stm32f4xx_hal.o
 .debug_ranges  0x00001a20      0x138 Drivers/STM32F4xx_HAL_Driver/Src/stm32f4xx_hal_cortex.o
 .debug_ranges  0x00001b58       0x68 Drivers/STM32F4xx_HAL_Driver/Src/stm32f4xx_hal_gpio.o
 .debug_ranges  0x00001bc0      0xcb0 Drivers/STM32F4xx_HAL_Driver/Src/stm32f4xx_hal_i2c.o
 .debug_ranges  0x00002870      0x100 Drivers/STM32F4xx_HAL_Driver/Src/stm32f4xx_hal_rcc.o
 .debug_ranges  0x00002970      0x700 Drivers/STM32F4xx_HAL_Driver/Src/stm32f4xx_hal_spi.o
 .debug_ranges  0x00003070       0x78 Drivers/STM32F4xx_HAL_Driver/Src/stm32f4xx_hal_sram.o
 .debug_ranges  0x000030e8       0x98 Drivers/STM32F4xx_HAL_Driver/Src/stm32f4xx_ll_fsmc.o
 .debug_ranges  0x00003180     0x2a08 Drivers/chan-fatfs/Src/ff.o
 .debug_ranges  0x00005b88       0x20 Drivers/chan-fatfs/Src/ffunicode.o
 .debug_ranges  0x00005ba8      0x420 Drivers/chan-fatfs/Src/mmc_stm32f4_hal.o
 .debug_ranges  0x00005fc8       0xc8 Src/main.o
 .debug_ranges  0x00006090      0x118 Src/stm32f4xx_hal_msp.o
 .debug_ranges  0x000061a8       0x40 Src/stm32f4xx_it.o
 .debug_ranges  0x000061e8       0x18 Src/system_stm32f4xx.o
 .debug_ranges  0x00006200       0x20 startup/startup_stm32f407xx.o

.debug_macro    0x00000000    0x22d74
 .debug_macro   0x00000000      0x3f1 Drivers/ILI9488/Src/FONTX2.o
 .debug_macro   0x000003f1      0xa60 Drivers/ILI9488/Src/FONTX2.o
 .debug_macro   0x00000e51       0x22 Drivers/ILI9488/Src/FONTX2.o
 .debug_macro   0x00000e73       0x87 Drivers/ILI9488/Src/FONTX2.o
 .debug_macro   0x00000efa       0x51 Drivers/ILI9488/Src/FONTX2.o
 .debug_macro   0x00000f4b       0xef Drivers/ILI9488/Src/FONTX2.o
 .debug_macro   0x0000103a       0x6a Drivers/ILI9488/Src/FONTX2.o
 .debug_macro   0x000010a4      0x1df Drivers/ILI9488/Src/FONTX2.o
 .debug_macro   0x00001283       0x32 Drivers/ILI9488/Src/FONTX2.o
 .debug_macro   0x000012b5       0x2f Drivers/ILI9488/Src/FONTX2.o
 .debug_macro   0x000012e4       0x3b Drivers/ILI9488/Src/FONTX2.o
 .debug_macro   0x0000131f       0x50 Drivers/ILI9488/Src/FONTX2.o
 .debug_macro   0x0000136f      0xe66 Drivers/ILI9488/Src/FONTX2.o
 .debug_macro   0x000021d5    0x15d08 Drivers/ILI9488/Src/FONTX2.o
 .debug_macro   0x00017edd       0x43 Drivers/ILI9488/Src/FONTX2.o
 .debug_macro   0x00017f20       0x3a Drivers/ILI9488/Src/FONTX2.o
 .debug_macro   0x00017f5a      0x186 Drivers/ILI9488/Src/FONTX2.o
 .debug_macro   0x000180e0     0x3535 Drivers/ILI9488/Src/FONTX2.o
 .debug_macro   0x0001b615       0x58 Drivers/ILI9488/Src/FONTX2.o
 .debug_macro   0x0001b66d       0x17 Drivers/ILI9488/Src/FONTX2.o
 .debug_macro   0x0001b684       0x35 Drivers/ILI9488/Src/FONTX2.o
 .debug_macro   0x0001b6b9       0x9c Drivers/ILI9488/Src/FONTX2.o
 .debug_macro   0x0001b755       0x16 Drivers/ILI9488/Src/FONTX2.o
 .debug_macro   0x0001b76b       0x97 Drivers/ILI9488/Src/FONTX2.o
 .debug_macro   0x0001b802      0x330 Drivers/ILI9488/Src/FONTX2.o
 .debug_macro   0x0001bb32       0xfd Drivers/ILI9488/Src/FONTX2.o
 .debug_macro   0x0001bc2f       0x10 Drivers/ILI9488/Src/FONTX2.o
 .debug_macro   0x0001bc3f       0x58 Drivers/ILI9488/Src/FONTX2.o
 .debug_macro   0x0001bc97       0x1f Drivers/ILI9488/Src/FONTX2.o
 .debug_macro   0x0001bcb6       0x43 Drivers/ILI9488/Src/FONTX2.o
 .debug_macro   0x0001bcf9       0x20 Drivers/ILI9488/Src/FONTX2.o
 .debug_macro   0x0001bd19      0x18e Drivers/ILI9488/Src/FONTX2.o
 .debug_macro   0x0001bea7       0x10 Drivers/ILI9488/Src/FONTX2.o
 .debug_macro   0x0001beb7       0x1c Drivers/ILI9488/Src/FONTX2.o
 .debug_macro   0x0001bed3       0x52 Drivers/ILI9488/Src/FONTX2.o
 .debug_macro   0x0001bf25       0x40 Drivers/ILI9488/Src/FONTX2.o
 .debug_macro   0x0001bf65       0x10 Drivers/ILI9488/Src/FONTX2.o
 .debug_macro   0x0001bf75       0x40 Drivers/ILI9488/Src/FONTX2.o
 .debug_macro   0x0001bfb5       0xd7 Drivers/ILI9488/Src/FONTX2.o
 .debug_macro   0x0001c08c       0x1c Drivers/ILI9488/Src/FONTX2.o
 .debug_macro   0x0001c0a8       0x3d Drivers/ILI9488/Src/FONTX2.o
 .debug_macro   0x0001c0e5       0x16 Drivers/ILI9488/Src/FONTX2.o
 .debug_macro   0x0001c0fb      0x16f Drivers/ILI9488/Src/FONTX2.o
 .debug_macro   0x0001c26a       0x50 Drivers/ILI9488/Src/FONTX2.o
 .debug_macro   0x0001c2ba      0x96b Drivers/ILI9488/Src/FONTX2.o
 .debug_macro   0x0001cc25      0xa02 Drivers/ILI9488/Src/FONTX2.o
 .debug_macro   0x0001d627      0x11e Drivers/ILI9488/Src/FONTX2.o
 .debug_macro   0x0001d745      0x13e Drivers/ILI9488/Src/FONTX2.o
 .debug_macro   0x0001d883       0x27 Drivers/ILI9488/Src/FONTX2.o
 .debug_macro   0x0001d8aa      0x287 Drivers/ILI9488/Src/FONTX2.o
 .debug_macro   0x0001db31       0x5f Drivers/ILI9488/Src/FONTX2.o
 .debug_macro   0x0001db90      0x23a Drivers/ILI9488/Src/FONTX2.o
 .debug_macro   0x0001ddca      0x133 Drivers/ILI9488/Src/FONTX2.o
 .debug_macro   0x0001defd      0x21e Drivers/ILI9488/Src/FONTX2.o
 .debug_macro   0x0001e11b       0x2e Drivers/ILI9488/Src/FONTX2.o
 .debug_macro   0x0001e149      0x543 Drivers/ILI9488/Src/FONTX2.o
 .debug_macro   0x0001e68c      0x1a7 Drivers/ILI9488/Src/FONTX2.o
 .debug_macro   0x0001e833       0xa5 Drivers/ILI9488/Src/FONTX2.o
 .debug_macro   0x0001e8d8      0x11e Drivers/ILI9488/Src/FONTX2.o
 .debug_macro   0x0001e9f6       0x7f Drivers/ILI9488/Src/FONTX2.o
 .debug_macro   0x0001ea75       0x89 Drivers/ILI9488/Src/FONTX2.o
 .debug_macro   0x0001eafe      0x202 Drivers/ILI9488/Src/FONTX2.o
 .debug_macro   0x0001ed00      0x134 Drivers/ILI9488/Src/FONTX2.o
 .debug_macro   0x0001ee34       0x16 Drivers/ILI9488/Src/FONTX2.o
 .debug_macro   0x0001ee4a       0x35 Drivers/ILI9488/Src/FONTX2.o
 .debug_macro   0x0001ee7f       0x10 Drivers/ILI9488/Src/FONTX2.o
 .debug_macro   0x0001ee8f       0x22 Drivers/ILI9488/Src/FONTX2.o
 .debug_macro   0x0001eeb1       0x16 Drivers/ILI9488/Src/FONTX2.o
 .debug_macro   0x0001eec7       0x16 Drivers/ILI9488/Src/FONTX2.o
 .debug_macro   0x0001eedd       0x29 Drivers/ILI9488/Src/FONTX2.o
 .debug_macro   0x0001ef06       0x34 Drivers/ILI9488/Src/FONTX2.o
 .debug_macro   0x0001ef3a       0x1c Drivers/ILI9488/Src/FONTX2.o
 .debug_macro   0x0001ef56       0xf8 Drivers/ILI9488/Src/FONTX2.o
 .debug_macro   0x0001f04e       0xe8 Drivers/ILI9488/Src/FONTX2.o
 .debug_macro   0x0001f136       0x22 Drivers/ILI9488/Src/FONTX2.o
 .debug_macro   0x0001f158      0x3bb Drivers/ILI9488/Src/ILI9488.o
 .debug_macro   0x0001f513      0x3ec Drivers/ILI9488/Src/bitmap.o
 .debug_macro   0x0001f8ff       0x34 Drivers/ILI9488/Src/bitmap.o
 .debug_macro   0x0001f933      0x3a1 Drivers/STM32F4xx_HAL_Driver/Src/stm32f4xx_hal.o
 .debug_macro   0x0001fcd4       0x35 Drivers/STM32F4xx_HAL_Driver/Src/stm32f4xx_hal.o
 .debug_macro   0x0001fd09      0x341 Drivers/STM32F4xx_HAL_Driver/Src/stm32f4xx_hal_cortex.o
 .debug_macro   0x0002004a      0x379 Drivers/STM32F4xx_HAL_Driver/Src/stm32f4xx_hal_gpio.o
 .debug_macro   0x000203c3      0x381 Drivers/STM32F4xx_HAL_Driver/Src/stm32f4xx_hal_i2c.o
 .debug_macro   0x00020744      0x365 Drivers/STM32F4xx_HAL_Driver/Src/stm32f4xx_hal_rcc.o
 .debug_macro   0x00020aa9      0x349 Drivers/STM32F4xx_HAL_Driver/Src/stm32f4xx_hal_spi.o
 .debug_macro   0x00020df2      0x341 Drivers/STM32F4xx_HAL_Driver/Src/stm32f4xx_hal_sram.o
 .debug_macro   0x00021133      0x341 Drivers/STM32F4xx_HAL_Driver/Src/stm32f4xx_ll_fsmc.o
 .debug_macro   0x00021474      0x4ba Drivers/chan-fatfs/Src/ff.o
 .debug_macro   0x0002192e       0xd0 Drivers/chan-fatfs/Src/ff.o
 .debug_macro   0x000219fe       0x58 Drivers/chan-fatfs/Src/ff.o
 .debug_macro   0x00021a56       0x3f Drivers/chan-fatfs/Src/ffunicode.o
 .debug_macro   0x00021a95      0x3f5 Drivers/chan-fatfs/Src/mmc_stm32f4_hal.o
 .debug_macro   0x00021e8a       0x16 Drivers/chan-fatfs/Src/mmc_stm32f4_hal.o
 .debug_macro   0x00021ea0       0xbe Drivers/chan-fatfs/Src/mmc_stm32f4_hal.o
 .debug_macro   0x00021f5e      0x403 Src/main.o
 .debug_macro   0x00022361       0x40 Src/main.o
 .debug_macro   0x000223a1      0x341 Src/stm32f4xx_hal_msp.o
 .debug_macro   0x000226e2      0x34b Src/stm32f4xx_it.o
 .debug_macro   0x00022a2d      0x347 Src/system_stm32f4xx.o

.debug_line     0x00000000     0xf1fa
 .debug_line    0x00000000      0x9ba Drivers/ILI9488/Src/FONTX2.o
 .debug_line    0x000009ba      0xe4b Drivers/ILI9488/Src/ILI9488.o
 .debug_line    0x00001805      0x997 Drivers/ILI9488/Src/bitmap.o
 .debug_line    0x0000219c      0x992 Drivers/STM32F4xx_HAL_Driver/Src/stm32f4xx_hal.o
 .debug_line    0x00002b2e      0xa2c Drivers/STM32F4xx_HAL_Driver/Src/stm32f4xx_hal_cortex.o
 .debug_line    0x0000355a      0x9b7 Drivers/STM32F4xx_HAL_Driver/Src/stm32f4xx_hal_gpio.o
 .debug_line    0x00003f11     0x1f38 Drivers/STM32F4xx_HAL_Driver/Src/stm32f4xx_hal_i2c.o
 .debug_line    0x00005e49      0xabe Drivers/STM32F4xx_HAL_Driver/Src/stm32f4xx_hal_rcc.o
 .debug_line    0x00006907     0x14fc Drivers/STM32F4xx_HAL_Driver/Src/stm32f4xx_hal_spi.o
 .debug_line    0x00007e03      0xb05 Drivers/STM32F4xx_HAL_Driver/Src/stm32f4xx_hal_sram.o
 .debug_line    0x00008908      0xa90 Drivers/STM32F4xx_HAL_Driver/Src/stm32f4xx_ll_fsmc.o
 .debug_line    0x00009398     0x2d02 Drivers/chan-fatfs/Src/ff.o
 .debug_line    0x0000c09a      0x1bc Drivers/chan-fatfs/Src/ffunicode.o
 .debug_line    0x0000c256      0xc7a Drivers/chan-fatfs/Src/mmc_stm32f4_hal.o
 .debug_line    0x0000ced0      0x9ba Src/main.o
 .debug_line    0x0000d88a      0x8f3 Src/stm32f4xx_hal_msp.o
 .debug_line    0x0000e17d      0x815 Src/stm32f4xx_it.o
 .debug_line    0x0000e992      0x7e9 Src/system_stm32f4xx.o
 .debug_line    0x0000f17b       0x7f startup/startup_stm32f407xx.o

.debug_str      0x00000000    0xc630a
 .debug_str     0x00000000    0xbecac Drivers/ILI9488/Src/FONTX2.o
                              0xbefe3 (size before relaxing)
 .debug_str     0x000becac       0xe7 Drivers/ILI9488/Src/ILI9488.o
                              0xbe794 (size before relaxing)
 .debug_str     0x000bed93      0x129 Drivers/ILI9488/Src/bitmap.o
                              0xbeeb3 (size before relaxing)
 .debug_str     0x000beebc      0xc0f Drivers/STM32F4xx_HAL_Driver/Src/stm32f4xx_hal.o
                              0xbf0f9 (size before relaxing)
 .debug_str     0x000bfacb      0x3ae Drivers/STM32F4xx_HAL_Driver/Src/stm32f4xx_hal_cortex.o
                              0xbee3b (size before relaxing)
 .debug_str     0x000bfe79      0x281 Drivers/STM32F4xx_HAL_Driver/Src/stm32f4xx_hal_gpio.o
                              0xbe7ce (size before relaxing)
 .debug_str     0x000c00fa      0xef9 Drivers/STM32F4xx_HAL_Driver/Src/stm32f4xx_hal_i2c.o
                              0xbf3d4 (size before relaxing)
 .debug_str     0x000c0ff3      0x364 Drivers/STM32F4xx_HAL_Driver/Src/stm32f4xx_hal_rcc.o
                              0xbe998 (size before relaxing)
 .debug_str     0x000c1357      0x6ae Drivers/STM32F4xx_HAL_Driver/Src/stm32f4xx_hal_spi.o
                              0xbedb4 (size before relaxing)
 .debug_str     0x000c1a05      0x3b2 Drivers/STM32F4xx_HAL_Driver/Src/stm32f4xx_hal_sram.o
                              0xbeb4d (size before relaxing)
 .debug_str     0x000c1db7      0x105 Drivers/STM32F4xx_HAL_Driver/Src/stm32f4xx_ll_fsmc.o
                              0xbe967 (size before relaxing)
 .debug_str     0x000c1ebc     0x3f29 Drivers/chan-fatfs/Src/ff.o
                               0x74a5 (size before relaxing)
 .debug_str     0x000c5de5       0x77 Drivers/chan-fatfs/Src/ffunicode.o
                               0x332f (size before relaxing)
 .debug_str     0x000c5e5c      0x27d Drivers/chan-fatfs/Src/mmc_stm32f4_hal.o
                              0xbee22 (size before relaxing)
 .debug_str     0x000c60d9       0x7b Src/main.o
                              0xc0233 (size before relaxing)
 .debug_str     0x000c6154       0x63 Src/stm32f4xx_hal_msp.o
                              0xbf3b9 (size before relaxing)
 .debug_str     0x000c61b7       0xc9 Src/stm32f4xx_it.o
                              0xbe4e8 (size before relaxing)
 .debug_str     0x000c6280       0x5a Src/system_stm32f4xx.o
                              0xbe58a (size before relaxing)
 .debug_str     0x000c62da       0x30 startup/startup_stm32f407xx.o
                                 0x52 (size before relaxing)

.comment        0x00000000       0x7e
 .comment       0x00000000       0x7e Drivers/ILI9488/Src/FONTX2.o
                                 0x7f (size before relaxing)
 .comment       0x0000007e       0x7f Drivers/ILI9488/Src/ILI9488.o
 .comment       0x0000007e       0x7f Drivers/ILI9488/Src/bitmap.o
 .comment       0x0000007e       0x7f Drivers/STM32F4xx_HAL_Driver/Src/stm32f4xx_hal.o
 .comment       0x0000007e       0x7f Drivers/STM32F4xx_HAL_Driver/Src/stm32f4xx_hal_cortex.o
 .comment       0x0000007e       0x7f Drivers/STM32F4xx_HAL_Driver/Src/stm32f4xx_hal_gpio.o
 .comment       0x0000007e       0x7f Drivers/STM32F4xx_HAL_Driver/Src/stm32f4xx_hal_i2c.o
 .comment       0x0000007e       0x7f Drivers/STM32F4xx_HAL_Driver/Src/stm32f4xx_hal_rcc.o
 .comment       0x0000007e       0x7f Drivers/STM32F4xx_HAL_Driver/Src/stm32f4xx_hal_spi.o
 .comment       0x0000007e       0x7f Drivers/STM32F4xx_HAL_Driver/Src/stm32f4xx_hal_sram.o
 .comment       0x0000007e       0x7f Drivers/STM32F4xx_HAL_Driver/Src/stm32f4xx_ll_fsmc.o
 .comment       0x0000007e       0x7f Drivers/chan-fatfs/Src/ff.o
 .comment       0x0000007e       0x7f Drivers/chan-fatfs/Src/ffunicode.o
 .comment       0x0000007e       0x7f Drivers/chan-fatfs/Src/mmc_stm32f4_hal.o
 .comment       0x0000007e       0x7f Src/main.o
 .comment       0x0000007e       0x7f Src/stm32f4xx_hal_msp.o
 .comment       0x0000007e       0x7f Src/stm32f4xx_it.o
 .comment       0x0000007e       0x7f Src/system_stm32f4xx.o

.debug_frame    0x00000000     0x2868
 .debug_frame   0x00000000       0xa8 Drivers/ILI9488/Src/FONTX2.o
 .debug_frame   0x000000a8      0x1b4 Drivers/ILI9488/Src/ILI9488.o
 .debug_frame   0x0000025c       0x70 Drivers/ILI9488/Src/bitmap.o
 .debug_frame   0x000002cc      0x1d0 Drivers/STM32F4xx_HAL_Driver/Src/stm32f4xx_hal.o
 .debug_frame   0x0000049c      0x178 Drivers/STM32F4xx_HAL_Driver/Src/stm32f4xx_hal_cortex.o
 .debug_frame   0x00000614       0xd8 Drivers/STM32F4xx_HAL_Driver/Src/stm32f4xx_hal_gpio.o
 .debug_frame   0x000006ec      0x7e0 Drivers/STM32F4xx_HAL_Driver/Src/stm32f4xx_hal_i2c.o
 .debug_frame   0x00000ecc      0x174 Drivers/STM32F4xx_HAL_Driver/Src/stm32f4xx_hal_rcc.o
 .debug_frame   0x00001040      0x5f8 Drivers/STM32F4xx_HAL_Driver/Src/stm32f4xx_hal_spi.o
 .debug_frame   0x00001638      0x204 Drivers/STM32F4xx_HAL_Driver/Src/stm32f4xx_hal_sram.o
 .debug_frame   0x0000183c      0x1f8 Drivers/STM32F4xx_HAL_Driver/Src/stm32f4xx_ll_fsmc.o
 .debug_frame   0x00001a34      0x944 Drivers/chan-fatfs/Src/ff.o
 .debug_frame   0x00002378       0x8c Drivers/chan-fatfs/Src/ffunicode.o
 .debug_frame   0x00002404      0x150 Drivers/chan-fatfs/Src/mmc_stm32f4_hal.o
 .debug_frame   0x00002554       0x70 Src/main.o
 .debug_frame   0x000025c4      0x100 Src/stm32f4xx_hal_msp.o
 .debug_frame   0x000026c4       0xbc Src/stm32f4xx_it.o
 .debug_frame   0x00002780       0x3c Src/system_stm32f4xx.o
 .debug_frame   0x000027bc       0x2c c:/ac6/systemworkbench/plugins/fr.ac6.mcu.externaltools.arm-none.win32_1.16.0.201807130628/tools/compiler/bin/../lib/gcc/arm-none-eabi/7.2.1/thumb/v7e-m/fpv4-sp/hard\libgcc.a(_aeabi_uldivmod.o)
 .debug_frame   0x000027e8       0x34 c:/ac6/systemworkbench/plugins/fr.ac6.mcu.externaltools.arm-none.win32_1.16.0.201807130628/tools/compiler/bin/../lib/gcc/arm-none-eabi/7.2.1/thumb/v7e-m/fpv4-sp/hard\libgcc.a(_udivmoddi4.o)
 .debug_frame   0x0000281c       0x2c c:/ac6/systemworkbench/plugins/fr.ac6.mcu.externaltools.arm-none.win32_1.16.0.201807130628/tools/compiler/bin/../lib/gcc/arm-none-eabi/7.2.1/../../../../arm-none-eabi/lib/thumb/v7e-m/fpv4-sp/hard\libc_nano.a(lib_a-init.o)
 .debug_frame   0x00002848       0x20 c:/ac6/systemworkbench/plugins/fr.ac6.mcu.externaltools.arm-none.win32_1.16.0.201807130628/tools/compiler/bin/../lib/gcc/arm-none-eabi/7.2.1/../../../../arm-none-eabi/lib/thumb/v7e-m/fpv4-sp/hard\libc_nano.a(lib_a-memset.o)
