Archive member included to satisfy reference by file (symbol)

c:/ac6/systemworkbench/plugins/fr.ac6.mcu.externaltools.arm-none.win32_1.16.0.201807130628/tools/compiler/bin/../lib/gcc/arm-none-eabi/7.2.1/thumb/v7e-m/fpv4-sp/hard\libgcc.a(_aeabi_ldivmod.o)
                              Drivers/STM32F4xx_HAL_Driver/Src/stm32f4xx_hal_rcc.o (__aeabi_ldivmod)
c:/ac6/systemworkbench/plugins/fr.ac6.mcu.externaltools.arm-none.win32_1.16.0.201807130628/tools/compiler/bin/../lib/gcc/arm-none-eabi/7.2.1/thumb/v7e-m/fpv4-sp/hard\libgcc.a(_aeabi_uldivmod.o)
                              Drivers/STM32F4xx_HAL_Driver/Src/stm32f4xx_hal_rcc.o (__aeabi_uldivmod)
c:/ac6/systemworkbench/plugins/fr.ac6.mcu.externaltools.arm-none.win32_1.16.0.201807130628/tools/compiler/bin/../lib/gcc/arm-none-eabi/7.2.1/thumb/v7e-m/fpv4-sp/hard\libgcc.a(_udivmoddi4.o)
                              c:/ac6/systemworkbench/plugins/fr.ac6.mcu.externaltools.arm-none.win32_1.16.0.201807130628/tools/compiler/bin/../lib/gcc/arm-none-eabi/7.2.1/thumb/v7e-m/fpv4-sp/hard\libgcc.a(_aeabi_ldivmod.o) (__udivmoddi4)
c:/ac6/systemworkbench/plugins/fr.ac6.mcu.externaltools.arm-none.win32_1.16.0.201807130628/tools/compiler/bin/../lib/gcc/arm-none-eabi/7.2.1/thumb/v7e-m/fpv4-sp/hard\libgcc.a(_dvmd_tls.o)
                              c:/ac6/systemworkbench/plugins/fr.ac6.mcu.externaltools.arm-none.win32_1.16.0.201807130628/tools/compiler/bin/../lib/gcc/arm-none-eabi/7.2.1/thumb/v7e-m/fpv4-sp/hard\libgcc.a(_aeabi_ldivmod.o) (__aeabi_ldiv0)
c:/ac6/systemworkbench/plugins/fr.ac6.mcu.externaltools.arm-none.win32_1.16.0.201807130628/tools/compiler/bin/../lib/gcc/arm-none-eabi/7.2.1/../../../../arm-none-eabi/lib/thumb/v7e-m/fpv4-sp/hard\libc_nano.a(lib_a-exit.o)
                              c:/ac6/systemworkbench/plugins/fr.ac6.mcu.externaltools.arm-none.win32_1.16.0.201807130628/tools/compiler/bin/../lib/gcc/arm-none-eabi/7.2.1/../../../../arm-none-eabi/lib/thumb/v7e-m/fpv4-sp/hard/crt0.o (exit)
c:/ac6/systemworkbench/plugins/fr.ac6.mcu.externaltools.arm-none.win32_1.16.0.201807130628/tools/compiler/bin/../lib/gcc/arm-none-eabi/7.2.1/../../../../arm-none-eabi/lib/thumb/v7e-m/fpv4-sp/hard\libc_nano.a(lib_a-impure.o)
                              c:/ac6/systemworkbench/plugins/fr.ac6.mcu.externaltools.arm-none.win32_1.16.0.201807130628/tools/compiler/bin/../lib/gcc/arm-none-eabi/7.2.1/../../../../arm-none-eabi/lib/thumb/v7e-m/fpv4-sp/hard\libc_nano.a(lib_a-exit.o) (_global_impure_ptr)
c:/ac6/systemworkbench/plugins/fr.ac6.mcu.externaltools.arm-none.win32_1.16.0.201807130628/tools/compiler/bin/../lib/gcc/arm-none-eabi/7.2.1/../../../../arm-none-eabi/lib/thumb/v7e-m/fpv4-sp/hard\libc_nano.a(lib_a-init.o)
                              c:/ac6/systemworkbench/plugins/fr.ac6.mcu.externaltools.arm-none.win32_1.16.0.201807130628/tools/compiler/bin/../lib/gcc/arm-none-eabi/7.2.1/../../../../arm-none-eabi/lib/thumb/v7e-m/fpv4-sp/hard/crt0.o (__libc_init_array)
c:/ac6/systemworkbench/plugins/fr.ac6.mcu.externaltools.arm-none.win32_1.16.0.201807130628/tools/compiler/bin/../lib/gcc/arm-none-eabi/7.2.1/../../../../arm-none-eabi/lib/thumb/v7e-m/fpv4-sp/hard\libc_nano.a(lib_a-memset.o)
                              c:/ac6/systemworkbench/plugins/fr.ac6.mcu.externaltools.arm-none.win32_1.16.0.201807130628/tools/compiler/bin/../lib/gcc/arm-none-eabi/7.2.1/../../../../arm-none-eabi/lib/thumb/v7e-m/fpv4-sp/hard/crt0.o (memset)
c:/ac6/systemworkbench/plugins/fr.ac6.mcu.externaltools.arm-none.win32_1.16.0.201807130628/tools/compiler/bin/../lib/gcc/arm-none-eabi/7.2.1/../../../../arm-none-eabi/lib/thumb/v7e-m/fpv4-sp/hard\libc_nano.a(lib_a-sprintf.o)
                              Drivers/ILI9488/Src/ILI9488.o (sprintf)
c:/ac6/systemworkbench/plugins/fr.ac6.mcu.externaltools.arm-none.win32_1.16.0.201807130628/tools/compiler/bin/../lib/gcc/arm-none-eabi/7.2.1/../../../../arm-none-eabi/lib/thumb/v7e-m/fpv4-sp/hard\libc_nano.a(lib_a-strlen.o)
                              Drivers/ILI9488/Src/FONTX2.o (strlen)
c:/ac6/systemworkbench/plugins/fr.ac6.mcu.externaltools.arm-none.win32_1.16.0.201807130628/tools/compiler/bin/../lib/gcc/arm-none-eabi/7.2.1/../../../../arm-none-eabi/lib/thumb/v7e-m/fpv4-sp/hard\libc_nano.a(lib_a-nano-svfprintf.o)
                              c:/ac6/systemworkbench/plugins/fr.ac6.mcu.externaltools.arm-none.win32_1.16.0.201807130628/tools/compiler/bin/../lib/gcc/arm-none-eabi/7.2.1/../../../../arm-none-eabi/lib/thumb/v7e-m/fpv4-sp/hard\libc_nano.a(lib_a-sprintf.o) (_svfprintf_r)
c:/ac6/systemworkbench/plugins/fr.ac6.mcu.externaltools.arm-none.win32_1.16.0.201807130628/tools/compiler/bin/../lib/gcc/arm-none-eabi/7.2.1/../../../../arm-none-eabi/lib/thumb/v7e-m/fpv4-sp/hard\libc_nano.a(lib_a-nano-vfprintf_i.o)
[...]
Memory Configuration

Name             Origin             Length             Attributes
RAM              0x20000000         0x00020000         xrw
CCMRAM           0x10000000         0x00010000         rw
FLASH            0x08000000         0x00080000         xr
*default*        0x00000000         0xffffffff

Linker script and memory map

LOAD c:/ac6/systemworkbench/plugins/fr.ac6.mcu.externaltools.arm-none.win32_1.16.0.201807130628/tools/compiler/bin/../lib/gcc/arm-none-eabi/7.2.1/thumb/v7e-m/fpv4-sp/hard/crti.o
LOAD c:/ac6/systemworkbench/plugins/fr.ac6.mcu.externaltools.arm-none.win32_1.16.0.201807130628/tools/compiler/bin/../lib/gcc/arm-none-eabi/7.2.1/thumb/v7e-m/fpv4-sp/hard/crtbegin.o
LOAD c:/ac6/systemworkbench/plugins/fr.ac6.mcu.externaltools.arm-none.win32_1.16.0.201807130628/tools/compiler/bin/../lib/gcc/arm-none-eabi/7.2.1/../../../../arm-none-eabi/lib/thumb/v7e-m/fpv4-sp/hard/crt0.o
LOAD Drivers/ILI9488/Src/FONTX2.o
LOAD Drivers/ILI9488/Src/HR2046.o
LOAD Drivers/ILI9488/Src/ILI9488.o
LOAD Drivers/ILI9488/Src/bitmap.o
LOAD Drivers/ILI9488/Src/vkeyboard.o
LOAD Drivers/STM32F4xx_HAL_Driver/Src/stm32f4xx_hal.o
LOAD Drivers/STM32F4xx_HAL_Driver/Src/stm32f4xx_hal_cortex.o
LOAD Drivers/STM32F4xx_HAL_Driver/Src/stm32f4xx_hal_dma.o
LOAD Drivers/STM32F4xx_HAL_Driver/Src/stm32f4xx_hal_dma_ex.o
LOAD Drivers/STM32F4xx_HAL_Driver/Src/stm32f4xx_hal_flash.o
LOAD Drivers/STM32F4xx_HAL_Driver/Src/stm32f4xx_hal_flash_ex.o
LOAD Drivers/STM32F4xx_HAL_Driver/Src/stm32f4xx_hal_flash_ramfunc.o
LOAD Drivers/STM32F4xx_HAL_Driver/Src/stm32f4xx_hal_gpio.o
LOAD Drivers/STM32F4xx_HAL_Driver/Src/stm32f4xx_hal_i2c.o
LOAD Drivers/STM32F4xx_HAL_Driver/Src/stm32f4xx_hal_i2c_ex.o
LOAD Drivers/STM32F4xx_HAL_Driver/Src/stm32f4xx_hal_pwr.o
LOAD Drivers/STM32F4xx_HAL_Driver/Src/stm32f4xx_hal_pwr_ex.o
LOAD Drivers/STM32F4xx_HAL_Driver/Src/stm32f4xx_hal_rcc.o
LOAD Drivers/STM32F4xx_HAL_Driver/Src/stm32f4xx_hal_rcc_ex.o
LOAD Drivers/STM32F4xx_HAL_Driver/Src/stm32f4xx_hal_spi.o
LOAD Drivers/STM32F4xx_HAL_Driver/Src/stm32f4xx_hal_sram.o
LOAD Drivers/STM32F4xx_HAL_Driver/Src/stm32f4xx_hal_tim.o
LOAD Drivers/STM32F4xx_HAL_Driver/Src/stm32f4xx_hal_tim_ex.o
LOAD Drivers/STM32F4xx_HAL_Driver/Src/stm32f4xx_ll_fsmc.o
LOAD Drivers/chan-fatfs/Inc/ffsystem.o
LOAD Drivers/chan-fatfs/Src/ff.o
LOAD Drivers/chan-fatfs/Src/ffsystem.o
LOAD Drivers/chan-fatfs/Src/ffunicode.o
LOAD Drivers/chan-fatfs/Src/mmc_stm32f4_hal.o
LOAD Src/main.o
LOAD Src/stm32f4xx_hal_msp.o
LOAD Src/stm32f4xx_it.o
LOAD Src/system_stm32f4xx.o
LOAD startup/startup_stm32f407xx.o
LOAD c:/ac6/systemworkbench/plugins/fr.ac6.mcu.externaltools.arm-none.win32_1.16.0.201807130628/tools/compiler/bin/../lib/gcc/arm-none-eabi/7.2.1/../../../../arm-none-eabi/lib/thumb/v7e-m/fpv4-sp/hard\libm.a
START GROUP
LOAD c:/ac6/systemworkbench/plugins/fr.ac6.mcu.externaltools.arm-none.win32_1.16.0.201807130628/tools/compiler/bin/../lib/gcc/arm-none-eabi/7.2.1/thumb/v7e-m/fpv4-sp/hard\libgcc.a
LOAD c:/ac6/systemworkbench/plugins/fr.ac6.mcu.externaltools.arm-none.win32_1.16.0.201807130628/tools/compiler/bin/../lib/gcc/arm-none-eabi/7.2.1/../../../../arm-none-eabi/lib/thumb/v7e-m/fpv4-sp/hard\libc_nano.a
END GROUP
START GROUP
LOAD c:/ac6/systemworkbench/plugins/fr.ac6.mcu.externaltools.arm-none.win32_1.16.0.201807130628/tools/compiler/bin/../lib/gcc/arm-none-eabi/7.2.1/thumb/v7e-m/fpv4-sp/hard\libgcc.a
LOAD c:/ac6/systemworkbench/plugins/fr.ac6.mcu.externaltools.arm-none.win32_1.16.0.201807130628/tools/compiler/bin/../lib/gcc/arm-none-eabi/7.2.1/../../../../arm-none-eabi/lib/thumb/v7e-m/fpv4-sp/hard\libc_nano.a
LOAD c:/ac6/systemworkbench/plugins/fr.ac6.mcu.externaltools.arm-none.win32_1.16.0.201807130628/tools/compiler/bin/../lib/gcc/arm-none-eabi/7.2.1/../../../../arm-none-eabi/lib/thumb/v7e-m/fpv4-sp/hard\libnosys.a
END GROUP
START GROUP
LOAD c:/ac6/systemworkbench/plugins/fr.ac6.mcu.externaltools.arm-none.win32_1.16.0.201807130628/tools/compiler/bin/../lib/gcc/arm-none-eabi/7.2.1/thumb/v7e-m/fpv4-sp/hard\libgcc.a
LOAD c:/ac6/systemworkbench/plugins/fr.ac6.mcu.externaltools.arm-none.win32_1.16.0.201807130628/tools/compiler/bin/../lib/gcc/arm-none-eabi/7.2.1/../../../../arm-none-eabi/lib/thumb/v7e-m/fpv4-sp/hard\libc_nano.a
LOAD c:/ac6/systemworkbench/plugins/fr.ac6.mcu.externaltools.arm-none.win32_1.16.0.201807130628/tools/compiler/bin/../lib/gcc/arm-none-eabi/7.2.1/../../../../arm-none-eabi/lib/thumb/v7e-m/fpv4-sp/hard\libnosys.a
END GROUP
LOAD c:/ac6/systemworkbench/plugins/fr.ac6.mcu.externaltools.arm-none.win32_1.16.0.201807130628/tools/compiler/bin/../lib/gcc/arm-none-eabi/7.2.1/thumb/v7e-m/fpv4-sp/hard/crtend.o
LOAD c:/ac6/systemworkbench/plugins/fr.ac6.mcu.externaltools.arm-none.win32_1.16.0.201807130628/tools/compiler/bin/../lib/gcc/arm-none-eabi/7.2.1/thumb/v7e-m/fpv4-sp/hard/crtn.o
                0x20020000                _estack = 0x20020000
                0x00000200                _Min_Heap_Size = 0x200
                0x00000400                _Min_Stack_Size = 0x400

.isr_vector     0x08000000      0x188
                0x08000000                . = ALIGN (0x4)
 *(.isr_vector)
 .isr_vector    0x08000000      0x188 startup/startup_stm32f407xx.o
                0x08000000                g_pfnVectors
                0x08000188                . = ALIGN (0x4)

.text           0x08000190     0x822c
                0x08000190                . = ALIGN (0x4)
 *(.text)
 .text          0x08000190       0x40 c:/ac6/systemworkbench/plugins/fr.ac6.mcu.externaltools.arm-none.win32_1.16.0.201807130628/tools/compiler/bin/../lib/gcc/arm-none-eabi/7.2.1/thumb/v7e-m/fpv4-sp/hard/crtbegin.o
 .text          0x080001d0       0x30 c:/ac6/systemworkbench/plugins/fr.ac6.mcu.externaltools.arm-none.win32_1.16.0.201807130628/tools/compiler/bin/../lib/gcc/arm-none-eabi/7.2.1/thumb/v7e-m/fpv4-sp/hard\libgcc.a(_aeabi_uldivmod.o)
                0x080001d0                __aeabi_uldivmod
 .text          0x08000200      0x2cc c:/ac6/systemworkbench/plugins/fr.ac6.mcu.externaltools.arm-none.win32_1.16.0.201807130628/tools/compiler/bin/../lib/gcc/arm-none-eabi/7.2.1/thumb/v7e-m/fpv4-sp/hard\libgcc.a(_udivmoddi4.o)
                0x08000200                __udivmoddi4
 .text          0x080004cc        0x4 c:/ac6/systemworkbench/plugins/fr.ac6.mcu.externaltools.arm-none.win32_1.16.0.201807130628/tools/compiler/bin/../lib/gcc/arm-none-eabi/7.2.1/thumb/v7e-m/fpv4-sp/hard\libgcc.a(_dvmd_tls.o)
                0x080004cc                __aeabi_idiv0
                0x080004cc                __aeabi_ldiv0
 .text          0x080004d0       0x10 c:/ac6/systemworkbench/plugins/fr.ac6.mcu.externaltools.arm-none.win32_1.16.0.201807130628/tools/compiler/bin/../lib/gcc/arm-none-eabi/7.2.1/../../../../arm-none-eabi/lib/thumb/v7e-m/fpv4-sp/hard\libc_nano.a(lib_a-strlen.o)
                0x080004d0                strlen
 .text          0x080004e0       0xa0 c:/ac6/systemworkbench/plugins/fr.ac6.mcu.externaltools.arm-none.win32_1.16.0.201807130628/tools/compiler/bin/../lib/gcc/arm-none-eabi/7.2.1/../../../../arm-none-eabi/lib/thumb/v7e-m/fpv4-sp/hard\libc_nano.a(lib_a-memchr.o)
                0x080004e0                memchr
 *(.text*)
 .text.fx_writecharFF
                0x08000580      0x260 Drivers/ILI9488/Src/FONTX2.o
                0x08000580                fx_writecharFF
 .text.fx_writestrFF
                0x080007e0      0x134 Drivers/ILI9488/Src/FONTX2.o
                0x080007e0                fx_writestrFF
 .text.HR2046_init
                0x08000914       0x74 Drivers/ILI9488/Src/HR2046.o
                0x08000914                HR2046_init
 .text.HR2046_getAxis
                0x08000988      0x1b4 Drivers/ILI9488/Src/HR2046.o
                0x08000988                HR2046_getAxis
 .text.ILI9488_drawRect
                0x08000b3c       0x74 Drivers/ILI9488/Src/ILI9488.o
                0x08000b3c                ILI9488_drawRect
 .text.ILI9488_drawDot
                0x08000bb0       0x58 Drivers/ILI9488/Src/ILI9488.o
                0x08000bb0                ILI9488_drawDot
 .text.ILI9488_fillRect
                0x08000c08       0xa8 Drivers/ILI9488/Src/ILI9488.o
                0x08000c08                ILI9488_fillRect
 .text.ILI9488_puts
                0x08000cb0      0x128 Drivers/ILI9488/Src/ILI9488.o
                0x08000cb0                ILI9488_puts
 .text.ILI9488_init
                0x08000dd8      0x1bc Drivers/ILI9488/Src/ILI9488.o
                0x08000dd8                ILI9488_init
 .text.drawBitmapFF
                0x08000f94      0x22c Drivers/ILI9488/Src/bitmap.o
                0x08000f94                drawBitmapFF
 .text.show_qwerty
                0x080011c0       0xb8 Drivers/ILI9488/Src/vkeyboard.o
                0x080011c0                show_qwerty
 .text.vkb_getstr
                0x08001278      0x100 Drivers/ILI9488/Src/vkeyboard.o
                0x08001278                vkb_getstr
 .text.HAL_InitTick
                0x08001378       0x44 Drivers/STM32F4xx_HAL_Driver/Src/stm32f4xx_hal.o
                0x08001378                HAL_InitTick
 .text.HAL_Init
                0x080013bc       0x34 Drivers/STM32F4xx_HAL_Driver/Src/stm32f4xx_hal.o
                0x080013bc                HAL_Init
 .text.HAL_IncTick
                0x080013f0       0x18 Drivers/STM32F4xx_HAL_Driver/Src/stm32f4xx_hal.o
                0x080013f0                HAL_IncTick
 .text.HAL_GetTick
                0x08001408        0xc Drivers/STM32F4xx_HAL_Driver/Src/stm32f4xx_hal.o
                0x08001408                HAL_GetTick
 .text.HAL_Delay
                0x08001414       0x24 Drivers/STM32F4xx_HAL_Driver/Src/stm32f4xx_hal.o
                0x08001414                HAL_Delay
 .text.HAL_NVIC_SetPriorityGrouping
                0x08001438       0x24 Drivers/STM32F4xx_HAL_Driver/Src/stm32f4xx_hal_cortex.o
                0x08001438                HAL_NVIC_SetPriorityGrouping
 .text.HAL_NVIC_SetPriority
                0x0800145c       0x6c Drivers/STM32F4xx_HAL_Driver/Src/stm32f4xx_hal_cortex.o
                0x0800145c                HAL_NVIC_SetPriority
 .text.HAL_SYSTICK_Config
                0x080014c8       0x34 Drivers/STM32F4xx_HAL_Driver/Src/stm32f4xx_hal_cortex.o
                0x080014c8                HAL_SYSTICK_Config
 .text.HAL_SYSTICK_CLKSourceConfig
                0x080014fc       0x18 Drivers/STM32F4xx_HAL_Driver/Src/stm32f4xx_hal_cortex.o
                0x080014fc                HAL_SYSTICK_CLKSourceConfig
 .text.HAL_SYSTICK_Callback
                0x08001514        0x4 Drivers/STM32F4xx_HAL_Driver/Src/stm32f4xx_hal_cortex.o
                0x08001514                HAL_SYSTICK_Callback
 .text.HAL_SYSTICK_IRQHandler
                0x08001518        0x8 Drivers/STM32F4xx_HAL_Driver/Src/stm32f4xx_hal_cortex.o
                0x08001518                HAL_SYSTICK_IRQHandler
 .text.HAL_GPIO_Init
                0x08001520      0x244 Drivers/STM32F4xx_HAL_Driver/Src/stm32f4xx_hal_gpio.o
                0x08001520                HAL_GPIO_Init
 .text.HAL_GPIO_WritePin
                0x08001764        0x8 Drivers/STM32F4xx_HAL_Driver/Src/stm32f4xx_hal_gpio.o
                0x08001764                HAL_GPIO_WritePin
 .text.HAL_I2C_Init
                0x0800176c       0xec Drivers/STM32F4xx_HAL_Driver/Src/stm32f4xx_hal_i2c.o
                0x0800176c                HAL_I2C_Init
 .text.HAL_RCC_OscConfig
                0x08001858      0x374 Drivers/STM32F4xx_HAL_Driver/Src/stm32f4xx_hal_rcc.o
                0x08001858                HAL_RCC_OscConfig
 .text.HAL_RCC_GetSysClockFreq
                0x08001bcc       0x6c Drivers/STM32F4xx_HAL_Driver/Src/stm32f4xx_hal_rcc.o
                0x08001bcc                HAL_RCC_GetSysClockFreq
 .text.HAL_RCC_ClockConfig
                0x08001c38      0x134 Drivers/STM32F4xx_HAL_Driver/Src/stm32f4xx_hal_rcc.o
                0x08001c38                HAL_RCC_ClockConfig
 .text.HAL_RCC_GetHCLKFreq
                0x08001d6c        0xc Drivers/STM32F4xx_HAL_Driver/Src/stm32f4xx_hal_rcc.o
                0x08001d6c                HAL_RCC_GetHCLKFreq
 .text.HAL_RCC_GetPCLK1Freq
                0x08001d78       0x20 Drivers/STM32F4xx_HAL_Driver/Src/stm32f4xx_hal_rcc.o
                0x08001d78                HAL_RCC_GetPCLK1Freq
 .text.HAL_SPI_Init
                0x08001d98       0x80 Drivers/STM32F4xx_HAL_Driver/Src/stm32f4xx_hal_spi.o
                0x08001d98                HAL_SPI_Init
 .text.HAL_SPI_Transmit
                0x08001e18      0x2f8 Drivers/STM32F4xx_HAL_Driver/Src/stm32f4xx_hal_spi.o
                0x08001e18                HAL_SPI_Transmit
 .text.HAL_SPI_Receive
                0x08002110      0x510 Drivers/STM32F4xx_HAL_Driver/Src/stm32f4xx_hal_spi.o
                0x08002110                HAL_SPI_Receive
 .text.HAL_SPI_TransmitReceive
                0x08002620      0x368 Drivers/STM32F4xx_HAL_Driver/Src/stm32f4xx_hal_spi.o
                0x08002620                HAL_SPI_TransmitReceive
 .text.HAL_SPI_GetState
                0x08002988        0x8 Drivers/STM32F4xx_HAL_Driver/Src/stm32f4xx_hal_spi.o
                0x08002988                HAL_SPI_GetState
 .text.HAL_SRAM_Init
                0x08002990       0x58 Drivers/STM32F4xx_HAL_Driver/Src/stm32f4xx_hal_sram.o
                0x08002990                HAL_SRAM_Init
 .text.FSMC_NORSRAM_Init
                0x080029e8       0x58 Drivers/STM32F4xx_HAL_Driver/Src/stm32f4xx_ll_fsmc.o
                0x080029e8                FSMC_NORSRAM_Init
 .text.FSMC_NORSRAM_Timing_Init
                0x08002a40       0x40 Drivers/STM32F4xx_HAL_Driver/Src/stm32f4xx_ll_fsmc.o
                0x08002a40                FSMC_NORSRAM_Timing_Init
 .text.FSMC_NORSRAM_Extended_Timing_Init
                0x08002a80       0x44 Drivers/STM32F4xx_HAL_Driver/Src/stm32f4xx_ll_fsmc.o
                0x08002a80                FSMC_NORSRAM_Extended_Timing_Init
 .text.move_window.part.5
                0x08002ac4       0x60 Drivers/chan-fatfs/Src/ff.o
 .text.dir_clear
                0x08002b24       0x90 Drivers/chan-fatfs/Src/ff.o
 .text.sync_fs  0x08002bb4       0xe4 Drivers/chan-fatfs/Src/ff.o
 .text.put_fat.part.7
                0x08002c98      0x264 Drivers/chan-fatfs/Src/ff.o
 .text.remove_chain
                0x08002efc      0x4b0 Drivers/chan-fatfs/Src/ff.o
 .text.dir_sdi  0x080033ac      0x2bc Drivers/chan-fatfs/Src/ff.o
 .text.dir_sdi.constprop.15
                0x08003668      0x270 Drivers/chan-fatfs/Src/ff.o
 .text.get_fat.isra.8
                0x080038d8      0x1ec Drivers/chan-fatfs/Src/ff.o
 .text.create_chain
                0x08003ac4      0x354 Drivers/chan-fatfs/Src/ff.o
 .text.dir_alloc
                0x08003e18      0x3c0 Drivers/chan-fatfs/Src/ff.o
 .text.dir_find
                0x080041d8      0x33c Drivers/chan-fatfs/Src/ff.o
 .text.dir_register
                0x08004514      0xa3c Drivers/chan-fatfs/Src/ff.o
 .text.follow_path
                0x08004f50      0x438 Drivers/chan-fatfs/Src/ff.o
 .text.find_volume
                0x08005388      0x6c0 Drivers/chan-fatfs/Src/ff.o
 .text.f_mount  0x08005a48       0x6c Drivers/chan-fatfs/Src/ff.o
                0x08005a48                f_mount
 .text.f_open   0x08005ab4      0x234 Drivers/chan-fatfs/Src/ff.o
                0x08005ab4                f_open
 .text.f_read   0x08005ce8      0x378 Drivers/chan-fatfs/Src/ff.o
                0x08005ce8                f_read
 .text.f_close  0x08006060      0x134 Drivers/chan-fatfs/Src/ff.o
                0x08006060                f_close
 .text.f_lseek  0x08006194      0x3f4 Drivers/chan-fatfs/Src/ff.o
                0x08006194                f_lseek
 .text.ff_uni2oem
                0x08006588      0x1a4 Drivers/chan-fatfs/Src/ffunicode.o
                0x08006588                ff_uni2oem
 .text.ff_wtoupper
                0x0800672c       0xa4 Drivers/chan-fatfs/Src/ffunicode.o
                0x0800672c                ff_wtoupper
 .text.send_cmd
                0x080067d0      0x1c4 Drivers/chan-fatfs/Src/mmc_stm32f4_hal.o
 .text.disk_initialize
                0x08006994      0x234 Drivers/chan-fatfs/Src/mmc_stm32f4_hal.o
                0x08006994                disk_initialize
 .text.disk_status
                0x08006bc8       0x14 Drivers/chan-fatfs/Src/mmc_stm32f4_hal.o
                0x08006bc8                disk_status
 .text.disk_read
                0x08006bdc      0x1e0 Drivers/chan-fatfs/Src/mmc_stm32f4_hal.o
                0x08006bdc                disk_read
 .text.disk_write
                0x08006dbc      0x298 Drivers/chan-fatfs/Src/mmc_stm32f4_hal.o
                0x08006dbc                disk_write
 .text.disk_ioctl
                0x08007054      0x4b4 Drivers/chan-fatfs/Src/mmc_stm32f4_hal.o
                0x08007054                disk_ioctl
 .text.SystemClock_Config
                0x08007508       0xac Src/main.o
                0x08007508                SystemClock_Config
 .text.startup.main
                0x080075b4      0x298 Src/main.o
                0x080075b4                main
 .text._Error_Handler
                0x0800784c        0x4 Src/main.o
                0x0800784c                _Error_Handler
 .text.HAL_MspInit
                0x08007850       0x94 Src/stm32f4xx_hal_msp.o
                0x08007850                HAL_MspInit
 .text.HAL_I2C_MspInit
                0x080078e4       0x54 Src/stm32f4xx_hal_msp.o
                0x080078e4                HAL_I2C_MspInit
 .text.HAL_SPI_MspInit
                0x08007938       0xb0 Src/stm32f4xx_hal_msp.o
                0x08007938                HAL_SPI_MspInit
 .text.HAL_SRAM_MspInit
                0x080079e8       0x6c Src/stm32f4xx_hal_msp.o
                0x080079e8                HAL_SRAM_MspInit
 .text.NMI_Handler
                0x08007a54        0x4 Src/stm32f4xx_it.o
                0x08007a54                NMI_Handler
 .text.HardFault_Handler
                0x08007a58        0x4 Src/stm32f4xx_it.o
                0x08007a58                HardFault_Handler
 .text.MemManage_Handler
                0x08007a5c        0x4 Src/stm32f4xx_it.o
                0x08007a5c                MemManage_Handler
 .text.BusFault_Handler
                0x08007a60        0x4 Src/stm32f4xx_it.o
                0x08007a60                BusFault_Handler
 .text.UsageFault_Handler
                0x08007a64        0x4 Src/stm32f4xx_it.o
                0x08007a64                UsageFault_Handler
 .text.SVC_Handler
                0x08007a68        0x4 Src/stm32f4xx_it.o
                0x08007a68                SVC_Handler
 .text.DebugMon_Handler
                0x08007a6c        0x4 Src/stm32f4xx_it.o
                0x08007a6c                DebugMon_Handler
 .text.PendSV_Handler
                0x08007a70        0x4 Src/stm32f4xx_it.o
                0x08007a70                PendSV_Handler
 .text.SysTick_Handler
                0x08007a74       0x10 Src/stm32f4xx_it.o
                0x08007a74                SysTick_Handler
 .text.SystemInit
                0x08007a84       0x50 Src/system_stm32f4xx.o
                0x08007a84                SystemInit
 .text.Reset_Handler
                0x08007ad4       0x50 startup/startup_stm32f407xx.o
                0x08007ad4                Reset_Handler
 .text.Default_Handler
                0x08007b24        0x2 startup/startup_stm32f407xx.o
                0x08007b24                RTC_Alarm_IRQHandler
                0x08007b24                HASH_RNG_IRQHandler
                0x08007b24                EXTI2_IRQHandler
                0x08007b24                TIM8_CC_IRQHandler
                0x08007b24                TIM1_CC_IRQHandler
                0x08007b24                DMA2_Stream5_IRQHandler
                0x08007b24                DMA1_Stream5_IRQHandler
                0x08007b24                PVD_IRQHandler
                0x08007b24                SDIO_IRQHandler
                0x08007b24                TAMP_STAMP_IRQHandler
                0x08007b24                CAN2_RX1_IRQHandler
                0x08007b24                EXTI3_IRQHandler
                0x08007b24                TIM8_TRG_COM_TIM14_IRQHandler
                0x08007b24                TIM1_UP_TIM10_IRQHandler
                0x08007b24                TIM8_UP_TIM13_IRQHandler
                0x08007b24                I2C3_ER_IRQHandler
                0x08007b24                EXTI0_IRQHandler
                0x08007b24                I2C2_EV_IRQHandler
                0x08007b24                DMA1_Stream2_IRQHandler
                0x08007b24                CAN1_RX0_IRQHandler
                0x08007b24                FPU_IRQHandler
                0x08007b24                OTG_HS_WKUP_IRQHandler
                0x08007b24                CAN2_SCE_IRQHandler
                0x08007b24                DMA2_Stream2_IRQHandler
                0x08007b24                SPI1_IRQHandler
                0x08007b24                TIM6_DAC_IRQHandler
                0x08007b24                TIM1_BRK_TIM9_IRQHandler
                0x08007b24                DCMI_IRQHandler
                0x08007b24                CAN2_RX0_IRQHandler
                0x08007b24                DMA2_Stream3_IRQHandler
                0x08007b24                USART6_IRQHandler
                0x08007b24                USART3_IRQHandler
                0x08007b24                CAN1_RX1_IRQHandler
                0x08007b24                UART5_IRQHandler
                0x08007b24                DMA2_Stream0_IRQHandler
                0x08007b24                TIM4_IRQHandler
                0x08007b24                I2C1_EV_IRQHandler
                0x08007b24                DMA1_Stream6_IRQHandler
                0x08007b24                DMA1_Stream1_IRQHandler
                0x08007b24                UART4_IRQHandler
                0x08007b24                TIM3_IRQHandler
                0x08007b24                RCC_IRQHandler
                0x08007b24                TIM8_BRK_TIM12_IRQHandler
                0x08007b24                Default_Handler
                0x08007b24                EXTI15_10_IRQHandler
                0x08007b24                ADC_IRQHandler
                0x08007b24                DMA1_Stream7_IRQHandler
                0x08007b24                TIM7_IRQHandler
                0x08007b24                CAN2_TX_IRQHandler
                0x08007b24                TIM5_IRQHandler
                0x08007b24                DMA2_Stream7_IRQHandler
                0x08007b24                I2C3_EV_IRQHandler
                0x08007b24                EXTI9_5_IRQHandler
                0x08007b24                RTC_WKUP_IRQHandler
                0x08007b24                ETH_WKUP_IRQHandler
                0x08007b24                SPI2_IRQHandler
                0x08007b24                OTG_HS_EP1_IN_IRQHandler
                0x08007b24                DMA1_Stream0_IRQHandler
                0x08007b24                CAN1_TX_IRQHandler
                0x08007b24                EXTI4_IRQHandler
                0x08007b24                FSMC_IRQHandler
                0x08007b24                ETH_IRQHandler
                0x08007b24                OTG_HS_EP1_OUT_IRQHandler
                0x08007b24                WWDG_IRQHandler
                0x08007b24                TIM2_IRQHandler
                0x08007b24                OTG_FS_WKUP_IRQHandler
                0x08007b24                TIM1_TRG_COM_TIM11_IRQHandler
                0x08007b24                OTG_HS_IRQHandler
                0x08007b24                EXTI1_IRQHandler
                0x08007b24                USART2_IRQHandler
                0x08007b24                I2C2_ER_IRQHandler
                0x08007b24                DMA2_Stream1_IRQHandler
                0x08007b24                CAN1_SCE_IRQHandler
                0x08007b24                FLASH_IRQHandler
                0x08007b24                DMA2_Stream4_IRQHandler
                0x08007b24                USART1_IRQHandler
                0x08007b24                OTG_FS_IRQHandler
                0x08007b24                SPI3_IRQHandler
                0x08007b24                DMA1_Stream4_IRQHandler
                0x08007b24                I2C1_ER_IRQHandler
                0x08007b24                DMA2_Stream6_IRQHandler
                0x08007b24                DMA1_Stream3_IRQHandler
 *fill*         0x08007b26        0x2 
 .text.__libc_init_array
                0x08007b28       0x48 c:/ac6/systemworkbench/plugins/fr.ac6.mcu.externaltools.arm-none.win32_1.16.0.201807130628/tools/compiler/bin/../lib/gcc/arm-none-eabi/7.2.1/../../../../arm-none-eabi/lib/thumb/v7e-m/fpv4-sp/hard\libc_nano.a(lib_a-init.o)
                0x08007b28                __libc_init_array
 .text.memset   0x08007b70       0x10 c:/ac6/systemworkbench/plugins/fr.ac6.mcu.externaltools.arm-none.win32_1.16.0.201807130628/tools/compiler/bin/../lib/gcc/arm-none-eabi/7.2.1/../../../../arm-none-eabi/lib/thumb/v7e-m/fpv4-sp/hard\libc_nano.a(lib_a-memset.o)
                0x08007b70                memset
 .text.sprintf  0x08007b80       0x40 c:/ac6/systemworkbench/plugins/fr.ac6.mcu.externaltools.arm-none.win32_1.16.0.201807130628/tools/compiler/bin/../lib/gcc/arm-none-eabi/7.2.1/../../../../arm-none-eabi/lib/thumb/v7e-m/fpv4-sp/hard\libc_nano.a(lib_a-sprintf.o)
                0x08007b80                siprintf
                0x08007b80                sprintf
 .text.__ssputs_r
                0x08007bc0       0xb4 c:/ac6/systemworkbench/plugins/fr.ac6.mcu.externaltools.arm-none.win32_1.16.0.201807130628/tools/compiler/bin/../lib/gcc/arm-none-eabi/7.2.1/../../../../arm-none-eabi/lib/thumb/v7e-m/fpv4-sp/hard\libc_nano.a(lib_a-nano-svfprintf.o)
                0x08007bc0                __ssputs_r
 .text._svfprintf_r
                0x08007c74      0x1ec c:/ac6/systemworkbench/plugins/fr.ac6.mcu.externaltools.arm-none.win32_1.16.0.201807130628/tools/compiler/bin/../lib/gcc/arm-none-eabi/7.2.1/../../../../arm-none-eabi/lib/thumb/v7e-m/fpv4-sp/hard\libc_nano.a(lib_a-nano-svfprintf.o)
                0x08007c74                _svfiprintf_r
                0x08007c74                _svfprintf_r
 .text._printf_common
                0x08007e60       0xea c:/ac6/systemworkbench/plugins/fr.ac6.mcu.externaltools.arm-none.win32_1.16.0.201807130628/tools/compiler/bin/../lib/gcc/arm-none-eabi/7.2.1/../../../../arm-none-eabi/lib/thumb/v7e-m/fpv4-sp/hard\libc_nano.a(lib_a-nano-vfprintf_i.o)
                0x08007e60                _printf_common
 *fill*         0x08007f4a        0x2 
 .text._printf_i
                0x08007f4c      0x224 c:/ac6/systemworkbench/plugins/fr.ac6.mcu.externaltools.arm-none.win32_1.16.0.201807130628/tools/compiler/bin/../lib/gcc/arm-none-eabi/7.2.1/../../../../arm-none-eabi/lib/thumb/v7e-m/fpv4-sp/hard\libc_nano.a(lib_a-nano-vfprintf_i.o)
                0x08007f4c                _printf_i
 .text.memcpy   0x08008170       0x16 c:/ac6/systemworkbench/plugins/fr.ac6.mcu.externaltools.arm-none.win32_1.16.0.201807130628/tools/compiler/bin/../lib/gcc/arm-none-eabi/7.2.1/../../../../arm-none-eabi/lib/thumb/v7e-m/fpv4-sp/hard\libc_nano.a(lib_a-memcpy-stub.o)
                0x08008170                memcpy
 .text.memmove  0x08008186       0x32 c:/ac6/systemworkbench/plugins/fr.ac6.mcu.externaltools.arm-none.win32_1.16.0.201807130628/tools/compiler/bin/../lib/gcc/arm-none-eabi/7.2.1/../../../../arm-none-eabi/lib/thumb/v7e-m/fpv4-sp/hard\libc_nano.a(lib_a-memmove.o)
                0x08008186                memmove
 .text._free_r  0x080081b8       0x9c c:/ac6/systemworkbench/plugins/fr.ac6.mcu.externaltools.arm-none.win32_1.16.0.201807130628/tools/compiler/bin/../lib/gcc/arm-none-eabi/7.2.1/../../../../arm-none-eabi/lib/thumb/v7e-m/fpv4-sp/hard\libc_nano.a(lib_a-nano-freer.o)
                0x080081b8                _free_r
 .text._malloc_r
                0x08008254       0xb4 c:/ac6/systemworkbench/plugins/fr.ac6.mcu.externaltools.arm-none.win32_1.16.0.201807130628/tools/compiler/bin/../lib/gcc/arm-none-eabi/7.2.1/../../../../arm-none-eabi/lib/thumb/v7e-m/fpv4-sp/hard\libc_nano.a(lib_a-nano-mallocr.o)
                0x08008254                _malloc_r
 .text._realloc_r
                0x08008308       0x4c c:/ac6/systemworkbench/plugins/fr.ac6.mcu.externaltools.arm-none.win32_1.16.0.201807130628/tools/compiler/bin/../lib/gcc/arm-none-eabi/7.2.1/../../../../arm-none-eabi/lib/thumb/v7e-m/fpv4-sp/hard\libc_nano.a(lib_a-nano-reallocr.o)
                0x08008308                _realloc_r
 .text._sbrk_r  0x08008354       0x20 c:/ac6/systemworkbench/plugins/fr.ac6.mcu.externaltools.arm-none.win32_1.16.0.201807130628/tools/compiler/bin/../lib/gcc/arm-none-eabi/7.2.1/../../../../arm-none-eabi/lib/thumb/v7e-m/fpv4-sp/hard\libc_nano.a(lib_a-sbrkr.o)
                0x08008354                _sbrk_r
 .text.__malloc_lock
                0x08008374        0x2 c:/ac6/systemworkbench/plugins/fr.ac6.mcu.externaltools.arm-none.win32_1.16.0.201807130628/tools/compiler/bin/../lib/gcc/arm-none-eabi/7.2.1/../../../../arm-none-eabi/lib/thumb/v7e-m/fpv4-sp/hard\libc_nano.a(lib_a-mlock.o)
                0x08008374                __malloc_lock
 .text.__malloc_unlock
                0x08008376        0x2 c:/ac6/systemworkbench/plugins/fr.ac6.mcu.externaltools.arm-none.win32_1.16.0.201807130628/tools/compiler/bin/../lib/gcc/arm-none-eabi/7.2.1/../../../../arm-none-eabi/lib/thumb/v7e-m/fpv4-sp/hard\libc_nano.a(lib_a-mlock.o)
                0x08008376                __malloc_unlock
 .text._malloc_usable_size_r
                0x08008378       0x10 c:/ac6/systemworkbench/plugins/fr.ac6.mcu.externaltools.arm-none.win32_1.16.0.201807130628/tools/compiler/bin/../lib/gcc/arm-none-eabi/7.2.1/../../../../arm-none-eabi/lib/thumb/v7e-m/fpv4-sp/hard\libc_nano.a(lib_a-nano-msizer.o)
                0x08008378                _malloc_usable_size_r
 .text._sbrk    0x08008388       0x1c c:/ac6/systemworkbench/plugins/fr.ac6.mcu.externaltools.arm-none.win32_1.16.0.201807130628/tools/compiler/bin/../lib/gcc/arm-none-eabi/7.2.1/../../../../arm-none-eabi/lib/thumb/v7e-m/fpv4-sp/hard\libnosys.a(sbrk.o)
                0x08008388                _sbrk
 *(.glue_7)
 .glue_7        0x080083a4        0x0 linker stubs
 *(.glue_7t)
 .glue_7t       0x080083a4        0x0 linker stubs
 *(.eh_frame)
 .eh_frame      0x080083a4        0x0 c:/ac6/systemworkbench/plugins/fr.ac6.mcu.externaltools.arm-none.win32_1.16.0.201807130628/tools/compiler/bin/../lib/gcc/arm-none-eabi/7.2.1/thumb/v7e-m/fpv4-sp/hard/crtbegin.o
 *(.init)
 .init          0x080083a4        0x4 c:/ac6/systemworkbench/plugins/fr.ac6.mcu.externaltools.arm-none.win32_1.16.0.201807130628/tools/compiler/bin/../lib/gcc/arm-none-eabi/7.2.1/thumb/v7e-m/fpv4-sp/hard/crti.o
                0x080083a4                _init
 .init          0x080083a8        0x8 c:/ac6/systemworkbench/plugins/fr.ac6.mcu.externaltools.arm-none.win32_1.16.0.201807130628/tools/compiler/bin/../lib/gcc/arm-none-eabi/7.2.1/thumb/v7e-m/fpv4-sp/hard/crtn.o
 *(.fini)
 .fini          0x080083b0        0x4 c:/ac6/systemworkbench/plugins/fr.ac6.mcu.externaltools.arm-none.win32_1.16.0.201807130628/tools/compiler/bin/../lib/gcc/arm-none-eabi/7.2.1/thumb/v7e-m/fpv4-sp/hard/crti.o
                0x080083b0                _fini
 .fini          0x080083b4        0x8 c:/ac6/systemworkbench/plugins/fr.ac6.mcu.externaltools.arm-none.win32_1.16.0.201807130628/tools/compiler/bin/../lib/gcc/arm-none-eabi/7.2.1/thumb/v7e-m/fpv4-sp/hard/crtn.o
                0x080083bc                . = ALIGN (0x4)
                0x080083bc                _etext = .

.vfp11_veneer   0x080083bc        0x0
 .vfp11_veneer  0x080083bc        0x0 linker stubs

.v4_bx          0x080083bc        0x0
 .v4_bx         0x080083bc        0x0 linker stubs

.iplt           0x080083bc        0x0
 .iplt          0x080083bc        0x0 c:/ac6/systemworkbench/plugins/fr.ac6.mcu.externaltools.arm-none.win32_1.16.0.201807130628/tools/compiler/bin/../lib/gcc/arm-none-eabi/7.2.1/thumb/v7e-m/fpv4-sp/hard/crtbegin.o

.rodata         0x080083bc     0xeff8
                0x080083bc                . = ALIGN (0x4)
 *(.rodata)
 .rodata        0x080083bc      0x500 Drivers/ILI9488/Src/ILI9488.o
 .rodata        0x080088bc       0x22 Drivers/chan-fatfs/Src/ff.o
 *fill*         0x080088de        0x2 
 .rodata        0x080088e0     0xe9a0 Drivers/chan-fatfs/Src/ffunicode.o
 .rodata        0x08017280       0x18 Src/system_stm32f4xx.o
                0x08017280                AHBPrescTable
                0x08017290                APBPrescTable
 *(.rodata*)
 .rodata.str1.4
                0x08017298       0x1c Drivers/ILI9488/Src/FONTX2.o
 .rodata.str1.4
                0x080172b4       0x20 Drivers/ILI9488/Src/HR2046.o
 .rodata.str1.4
                0x080172d4        0x3 Drivers/ILI9488/Src/vkeyboard.o
 *fill*         0x080172d7        0x1 
 .rodata.str1.4
                0x080172d8       0x48 Drivers/chan-fatfs/Src/ff.o
 .rodata.str1.4
                0x08017320       0x2c Drivers/chan-fatfs/Src/mmc_stm32f4_hal.o
 .rodata.str1.4
                0x0801734c       0x34 Src/main.o
                                 0x36 (size before relaxing)
 .rodata._svfprintf_r.str1.1
                0x08017380       0x11 c:/ac6/systemworkbench/plugins/fr.ac6.mcu.externaltools.arm-none.win32_1.16.0.201807130628/tools/compiler/bin/../lib/gcc/arm-none-eabi/7.2.1/../../../../arm-none-eabi/lib/thumb/v7e-m/fpv4-sp/hard\libc_nano.a(lib_a-nano-svfprintf.o)
 .rodata._printf_i.str1.1
                0x08017391       0x22 c:/ac6/systemworkbench/plugins/fr.ac6.mcu.externaltools.arm-none.win32_1.16.0.201807130628/tools/compiler/bin/../lib/gcc/arm-none-eabi/7.2.1/../../../../arm-none-eabi/lib/thumb/v7e-m/fpv4-sp/hard\libc_nano.a(lib_a-nano-vfprintf_i.o)
                0x080173b4                . = ALIGN (0x4)
 *fill*         0x080173b3        0x1 

.ARM.extab
 *(.ARM.extab* .gnu.linkonce.armextab.*)

.ARM            0x080173b4        0x8
                0x080173b4                __exidx_start = .
 *(.ARM.exidx*)
 .ARM.exidx     0x080173b4        0x8 c:/ac6/systemworkbench/plugins/fr.ac6.mcu.externaltools.arm-none.win32_1.16.0.201807130628/tools/compiler/bin/../lib/gcc/arm-none-eabi/7.2.1/thumb/v7e-m/fpv4-sp/hard\libgcc.a(_udivmoddi4.o)
                0x080173bc                __exidx_end = .

.rel.dyn        0x080173bc        0x0
 .rel.iplt      0x080173bc        0x0 c:/ac6/systemworkbench/plugins/fr.ac6.mcu.externaltools.arm-none.win32_1.16.0.201807130628/tools/compiler/bin/../lib/gcc/arm-none-eabi/7.2.1/thumb/v7e-m/fpv4-sp/hard/crtbegin.o

.preinit_array  0x080173bc        0x0
                0x080173bc                PROVIDE (__preinit_array_start, .)
 *(.preinit_array*)
                0x080173bc                PROVIDE (__preinit_array_end, .)

.init_array     0x080173bc        0x4
                0x080173bc                PROVIDE (__init_array_start, .)
 *(SORT_BY_NAME(.init_array.*))
 *(.init_array*)
 .init_array    0x080173bc        0x4 c:/ac6/systemworkbench/plugins/fr.ac6.mcu.externaltools.arm-none.win32_1.16.0.201807130628/tools/compiler/bin/../lib/gcc/arm-none-eabi/7.2.1/thumb/v7e-m/fpv4-sp/hard/crtbegin.o
                0x080173c0                PROVIDE (__init_array_end, .)

.fini_array     0x080173c0        0x4
                [!provide]                PROVIDE (__fini_array_start, .)
 *(SORT_BY_NAME(.fini_array.*))
 *(.fini_array*)
 .fini_array    0x080173c0        0x4 c:/ac6/systemworkbench/plugins/fr.ac6.mcu.externaltools.arm-none.win32_1.16.0.201807130628/tools/compiler/bin/../lib/gcc/arm-none-eabi/7.2.1/thumb/v7e-m/fpv4-sp/hard/crtbegin.o
                [!provide]                PROVIDE (__fini_array_end, .)
                0x080173c4                _sidata = LOADADDR (.data)

.data           0x20000000       0xe4 load address 0x080173c4
                0x20000000                . = ALIGN (0x4)
                0x20000000                _sdata = .
 *(.data)
 .data          0x20000000       0x70 Drivers/ILI9488/Src/vkeyboard.o
                0x20000000                line_table
 .data          0x20000070        0x8 Drivers/STM32F4xx_HAL_Driver/Src/stm32f4xx_hal.o
                0x20000070                uwTickFreq
                0x20000074                uwTickPrio
 .data          0x20000078        0x1 Drivers/chan-fatfs/Src/mmc_stm32f4_hal.o
 *fill*         0x20000079        0x3 
 .data          0x2000007c        0x4 Src/system_stm32f4xx.o
                0x2000007c                SystemCoreClock
 *(.data*)
 .data._impure_ptr
                0x20000080        0x4 c:/ac6/systemworkbench/plugins/fr.ac6.mcu.externaltools.arm-none.win32_1.16.0.201807130628/tools/compiler/bin/../lib/gcc/arm-none-eabi/7.2.1/../../../../arm-none-eabi/lib/thumb/v7e-m/fpv4-sp/hard\libc_nano.a(lib_a-impure.o)
                0x20000080                _impure_ptr
 .data.impure_data
                0x20000084       0x60 c:/ac6/systemworkbench/plugins/fr.ac6.mcu.externaltools.arm-none.win32_1.16.0.201807130628/tools/compiler/bin/../lib/gcc/arm-none-eabi/7.2.1/../../../../arm-none-eabi/lib/thumb/v7e-m/fpv4-sp/hard\libc_nano.a(lib_a-impure.o)
                0x200000e4                . = ALIGN (0x4)
                0x200000e4                _edata = .
                0x080174a8                _siccmram = LOADADDR (.ccmram)

.igot.plt       0x200000e4        0x0 load address 0x080174a8
 .igot.plt      0x200000e4        0x0 c:/ac6/systemworkbench/plugins/fr.ac6.mcu.externaltools.arm-none.win32_1.16.0.201807130628/tools/compiler/bin/../lib/gcc/arm-none-eabi/7.2.1/thumb/v7e-m/fpv4-sp/hard/crtbegin.o

.ccmram         0x10000000        0x0 load address 0x080174a8
                0x10000000                . = ALIGN (0x4)
                0x10000000                _sccmram = .
 *(.ccmram)
 *(.ccmram*)
                0x10000000                . = ALIGN (0x4)
                0x10000000                _eccmram = .
                0x10000000                . = ALIGN (0x4)

.bss            0x200000e4      0x7b8
                0x200000e4                _sbss = .
                0x200000e4                __bss_start__ = _sbss
 *(.bss)
 .bss           0x200000e4       0x1c c:/ac6/systemworkbench/plugins/fr.ac6.mcu.externaltools.arm-none.win32_1.16.0.201807130628/tools/compiler/bin/../lib/gcc/arm-none-eabi/7.2.1/thumb/v7e-m/fpv4-sp/hard/crtbegin.o
 .bss           0x20000100      0x10c Drivers/chan-fatfs/Src/ff.o
 .bss           0x2000020c        0x9 Drivers/chan-fatfs/Src/mmc_stm32f4_hal.o
 *fill*         0x20000215        0x3 
 .bss           0x20000218        0x8 Src/stm32f4xx_hal_msp.o
 *(.bss*)
 .bss.__malloc_free_list
                0x20000220        0x4 c:/ac6/systemworkbench/plugins/fr.ac6.mcu.externaltools.arm-none.win32_1.16.0.201807130628/tools/compiler/bin/../lib/gcc/arm-none-eabi/7.2.1/../../../../arm-none-eabi/lib/thumb/v7e-m/fpv4-sp/hard\libc_nano.a(lib_a-nano-mallocr.o)
                0x20000220                __malloc_free_list
 .bss.__malloc_sbrk_start
                0x20000224        0x4 c:/ac6/systemworkbench/plugins/fr.ac6.mcu.externaltools.arm-none.win32_1.16.0.201807130628/tools/compiler/bin/../lib/gcc/arm-none-eabi/7.2.1/../../../../arm-none-eabi/lib/thumb/v7e-m/fpv4-sp/hard\libc_nano.a(lib_a-nano-mallocr.o)
                0x20000224                __malloc_sbrk_start
 .bss.heap_end.5377
                0x20000228        0x4 c:/ac6/systemworkbench/plugins/fr.ac6.mcu.externaltools.arm-none.win32_1.16.0.201807130628/tools/compiler/bin/../lib/gcc/arm-none-eabi/7.2.1/../../../../arm-none-eabi/lib/thumb/v7e-m/fpv4-sp/hard\libnosys.a(sbrk.o)
 *(COMMON)
 COMMON         0x2000022c       0x58 Drivers/ILI9488/Src/HR2046.o
                0x2000022c                tsspi
 COMMON         0x20000284        0x4 Drivers/STM32F4xx_HAL_Driver/Src/stm32f4xx_hal.o
                0x20000284                uwTick
 COMMON         0x20000288       0x58 Drivers/chan-fatfs/Src/mmc_stm32f4_hal.o
                0x20000288                mmcspi
 COMMON         0x200002e0      0x5b8 Src/main.o
                0x200002e0                hspi2
                0x20000338                FatFs
                0x20000570                hi2c1
                0x200005c4                hsram1
                0x20000614                bw
                0x20000618                Fil
                0x20000840                hspi1
 COMMON         0x20000898        0x4 c:/ac6/systemworkbench/plugins/fr.ac6.mcu.externaltools.arm-none.win32_1.16.0.201807130628/tools/compiler/bin/../lib/gcc/arm-none-eabi/7.2.1/../../../../arm-none-eabi/lib/thumb/v7e-m/fpv4-sp/hard\libc_nano.a(lib_a-reent.o)
                0x20000898                errno
                0x2000089c                . = ALIGN (0x4)
                0x2000089c                _ebss = .
                0x2000089c                __bss_end__ = _ebss

._user_heap_stack
                0x2000089c      0x604
                0x200008a0                . = ALIGN (0x8)
 *fill*         0x2000089c        0x4 
                0x200008a0                PROVIDE (end, .)
                [!provide]                PROVIDE (_end, .)
                0x20000aa0                . = (. + _Min_Heap_Size)
 *fill*         0x200008a0      0x200 
                0x20000ea0                . = (. + _Min_Stack_Size)
 *fill*         0x20000aa0      0x400 
                0x20000ea0                . = ALIGN (0x8)

/DISCARD/
 libc.a(*)
 libm.a(*)
 libgcc.a(*)

.ARM.attributes
                0x00000000       0x30
 *(.ARM.attributes)
 .ARM.attributes
                0x00000000       0x22 c:/ac6/systemworkbench/plugins/fr.ac6.mcu.externaltools.arm-none.win32_1.16.0.201807130628/tools/compiler/bin/../lib/gcc/arm-none-eabi/7.2.1/thumb/v7e-m/fpv4-sp/hard/crti.o
 .ARM.attributes
                0x00000022       0x34 c:/ac6/systemworkbench/plugins/fr.ac6.mcu.externaltools.arm-none.win32_1.16.0.201807130628/tools/compiler/bin/../lib/gcc/arm-none-eabi/7.2.1/thumb/v7e-m/fpv4-sp/hard/crtbegin.o
 .ARM.attributes
                0x00000056       0x39 Drivers/ILI9488/Src/FONTX2.o
 .ARM.attributes
                0x0000008f       0x39 Drivers/ILI9488/Src/HR2046.o
 .ARM.attributes
                0x000000c8       0x39 Drivers/ILI9488/Src/ILI9488.o
 .ARM.attributes
                0x00000101       0x39 Drivers/ILI9488/Src/bitmap.o
 .ARM.attributes
                0x0000013a       0x39 Drivers/ILI9488/Src/vkeyboard.o
 .ARM.attributes
                0x00000173       0x39 Drivers/STM32F4xx_HAL_Driver/Src/stm32f4xx_hal.o
 .ARM.attributes
                0x000001ac       0x39 Drivers/STM32F4xx_HAL_Driver/Src/stm32f4xx_hal_cortex.o
 .ARM.attributes
                0x000001e5       0x39 Drivers/STM32F4xx_HAL_Driver/Src/stm32f4xx_hal_gpio.o
 .ARM.attributes
                0x0000021e       0x39 Drivers/STM32F4xx_HAL_Driver/Src/stm32f4xx_hal_i2c.o
 .ARM.attributes
                0x00000257       0x39 Drivers/STM32F4xx_HAL_Driver/Src/stm32f4xx_hal_rcc.o
 .ARM.attributes
                0x00000290       0x39 Drivers/STM32F4xx_HAL_Driver/Src/stm32f4xx_hal_spi.o
 .ARM.attributes
                0x000002c9       0x39 Drivers/STM32F4xx_HAL_Driver/Src/stm32f4xx_hal_sram.o
 .ARM.attributes
                0x00000302       0x39 Drivers/STM32F4xx_HAL_Driver/Src/stm32f4xx_ll_fsmc.o
 .ARM.attributes
                0x0000033b       0x39 Drivers/chan-fatfs/Src/ff.o
 .ARM.attributes
                0x00000374       0x39 Drivers/chan-fatfs/Src/ffunicode.o
 .ARM.attributes
                0x000003ad       0x39 Drivers/chan-fatfs/Src/mmc_stm32f4_hal.o
 .ARM.attributes
                0x000003e6       0x39 Src/main.o
 .ARM.attributes
                0x0000041f       0x39 Src/stm32f4xx_hal_msp.o
 .ARM.attributes
                0x00000458       0x39 Src/stm32f4xx_it.o
 .ARM.attributes
                0x00000491       0x39 Src/system_stm32f4xx.o
 .ARM.attributes
                0x000004ca       0x21 startup/startup_stm32f407xx.o
 .ARM.attributes
                0x000004eb       0x22 c:/ac6/systemworkbench/plugins/fr.ac6.mcu.externaltools.arm-none.win32_1.16.0.201807130628/tools/compiler/bin/../lib/gcc/arm-none-eabi/7.2.1/thumb/v7e-m/fpv4-sp/hard\libgcc.a(_aeabi_uldivmod.o)
 .ARM.attributes
                0x0000050d       0x34 c:/ac6/systemworkbench/plugins/fr.ac6.mcu.externaltools.arm-none.win32_1.16.0.201807130628/tools/compiler/bin/../lib/gcc/arm-none-eabi/7.2.1/thumb/v7e-m/fpv4-sp/hard\libgcc.a(_udivmoddi4.o)
 .ARM.attributes
                0x00000541       0x22 c:/ac6/systemworkbench/plugins/fr.ac6.mcu.externaltools.arm-none.win32_1.16.0.201807130628/tools/compiler/bin/../lib/gcc/arm-none-eabi/7.2.1/thumb/v7e-m/fpv4-sp/hard\libgcc.a(_dvmd_tls.o)
 .ARM.attributes
                0x00000563       0x34 c:/ac6/systemworkbench/plugins/fr.ac6.mcu.externaltools.arm-none.win32_1.16.0.201807130628/tools/compiler/bin/../lib/gcc/arm-none-eabi/7.2.1/../../../../arm-none-eabi/lib/thumb/v7e-m/fpv4-sp/hard\libc_nano.a(lib_a-impure.o)
 .ARM.attributes
                0x00000597       0x34 c:/ac6/systemworkbench/plugins/fr.ac6.mcu.externaltools.arm-none.win32_1.16.0.201807130628/tools/compiler/bin/../lib/gcc/arm-none-eabi/7.2.1/../../../../arm-none-eabi/lib/thumb/v7e-m/fpv4-sp/hard\libc_nano.a(lib_a-init.o)
 .ARM.attributes
                0x000005cb       0x34 c:/ac6/systemworkbench/plugins/fr.ac6.mcu.externaltools.arm-none.win32_1.16.0.201807130628/tools/compiler/bin/../lib/gcc/arm-none-eabi/7.2.1/../../../../arm-none-eabi/lib/thumb/v7e-m/fpv4-sp/hard\libc_nano.a(lib_a-memset.o)
 .ARM.attributes
                0x000005ff       0x34 c:/ac6/systemworkbench/plugins/fr.ac6.mcu.externaltools.arm-none.win32_1.16.0.201807130628/tools/compiler/bin/../lib/gcc/arm-none-eabi/7.2.1/../../../../arm-none-eabi/lib/thumb/v7e-m/fpv4-sp/hard\libc_nano.a(lib_a-sprintf.o)
 .ARM.attributes
                0x00000633       0x1b c:/ac6/systemworkbench/plugins/fr.ac6.mcu.externaltools.arm-none.win32_1.16.0.201807130628/tools/compiler/bin/../lib/gcc/arm-none-eabi/7.2.1/../../../../arm-none-eabi/lib/thumb/v7e-m/fpv4-sp/hard\libc_nano.a(lib_a-strlen.o)
 .ARM.attributes
                0x0000064e       0x34 c:/ac6/systemworkbench/plugins/fr.ac6.mcu.externaltools.arm-none.win32_1.16.0.201807130628/tools/compiler/bin/../lib/gcc/arm-none-eabi/7.2.1/../../../../arm-none-eabi/lib/thumb/v7e-m/fpv4-sp/hard\libc_nano.a(lib_a-nano-svfprintf.o)
 .ARM.attributes
                0x00000682       0x34 c:/ac6/systemworkbench/plugins/fr.ac6.mcu.externaltools.arm-none.win32_1.16.0.201807130628/tools/compiler/bin/../lib/gcc/arm-none-eabi/7.2.1/../../../../arm-none-eabi/lib/thumb/v7e-m/fpv4-sp/hard\libc_nano.a(lib_a-nano-vfprintf_i.o)
 .ARM.attributes
                0x000006b6       0x20 c:/ac6/systemworkbench/plugins/fr.ac6.mcu.externaltools.arm-none.win32_1.16.0.201807130628/tools/compiler/bin/../lib/gcc/arm-none-eabi/7.2.1/../../../../arm-none-eabi/lib/thumb/v7e-m/fpv4-sp/hard\libc_nano.a(lib_a-memchr.o)
 .ARM.attributes
                0x000006d6       0x34 c:/ac6/systemworkbench/plugins/fr.ac6.mcu.externaltools.arm-none.win32_1.16.0.201807130628/tools/compiler/bin/../lib/gcc/arm-none-eabi/7.2.1/../../../../arm-none-eabi/lib/thumb/v7e-m/fpv4-sp/hard\libc_nano.a(lib_a-memcpy-stub.o)
 .ARM.attributes
                0x0000070a       0x34 c:/ac6/systemworkbench/plugins/fr.ac6.mcu.externaltools.arm-none.win32_1.16.0.201807130628/tools/compiler/bin/../lib/gcc/arm-none-eabi/7.2.1/../../../../arm-none-eabi/lib/thumb/v7e-m/fpv4-sp/hard\libc_nano.a(lib_a-memmove.o)
 .ARM.attributes
                0x0000073e       0x34 c:/ac6/systemworkbench/plugins/fr.ac6.mcu.externaltools.arm-none.win32_1.16.0.201807130628/tools/compiler/bin/../lib/gcc/arm-none-eabi/7.2.1/../../../../arm-none-eabi/lib/thumb/v7e-m/fpv4-sp/hard\libc_nano.a(lib_a-nano-freer.o)
 .ARM.attributes
                0x00000772       0x34 c:/ac6/systemworkbench/plugins/fr.ac6.mcu.externaltools.arm-none.win32_1.16.0.201807130628/tools/compiler/bin/../lib/gcc/arm-none-eabi/7.2.1/../../../../arm-none-eabi/lib/thumb/v7e-m/fpv4-sp/hard\libc_nano.a(lib_a-nano-mallocr.o)
 .ARM.attributes
                0x000007a6       0x34 c:/ac6/systemworkbench/plugins/fr.ac6.mcu.externaltools.arm-none.win32_1.16.0.201807130628/tools/compiler/bin/../lib/gcc/arm-none-eabi/7.2.1/../../../../arm-none-eabi/lib/thumb/v7e-m/fpv4-sp/hard\libc_nano.a(lib_a-nano-reallocr.o)
 .ARM.attributes
                0x000007da       0x34 c:/ac6/systemworkbench/plugins/fr.ac6.mcu.externaltools.arm-none.win32_1.16.0.201807130628/tools/compiler/bin/../lib/gcc/arm-none-eabi/7.2.1/../../../../arm-none-eabi/lib/thumb/v7e-m/fpv4-sp/hard\libc_nano.a(lib_a-sbrkr.o)
 .ARM.attributes
                0x0000080e       0x34 c:/ac6/systemworkbench/plugins/fr.ac6.mcu.externaltools.arm-none.win32_1.16.0.201807130628/tools/compiler/bin/../lib/gcc/arm-none-eabi/7.2.1/../../../../arm-none-eabi/lib/thumb/v7e-m/fpv4-sp/hard\libc_nano.a(lib_a-mlock.o)
 .ARM.attributes
                0x00000842       0x34 c:/ac6/systemworkbench/plugins/fr.ac6.mcu.externaltools.arm-none.win32_1.16.0.201807130628/tools/compiler/bin/../lib/gcc/arm-none-eabi/7.2.1/../../../../arm-none-eabi/lib/thumb/v7e-m/fpv4-sp/hard\libc_nano.a(lib_a-nano-msizer.o)
 .ARM.attributes
                0x00000876       0x34 c:/ac6/systemworkbench/plugins/fr.ac6.mcu.externaltools.arm-none.win32_1.16.0.201807130628/tools/compiler/bin/../lib/gcc/arm-none-eabi/7.2.1/../../../../arm-none-eabi/lib/thumb/v7e-m/fpv4-sp/hard\libc_nano.a(lib_a-reent.o)
 .ARM.attributes
                0x000008aa       0x34 c:/ac6/systemworkbench/plugins/fr.ac6.mcu.externaltools.arm-none.win32_1.16.0.201807130628/tools/compiler/bin/../lib/gcc/arm-none-eabi/7.2.1/../../../../arm-none-eabi/lib/thumb/v7e-m/fpv4-sp/hard\libnosys.a(sbrk.o)
 .ARM.attributes
                0x000008de       0x22 c:/ac6/systemworkbench/plugins/fr.ac6.mcu.externaltools.arm-none.win32_1.16.0.201807130628/tools/compiler/bin/../lib/gcc/arm-none-eabi/7.2.1/thumb/v7e-m/fpv4-sp/hard/crtn.o
OUTPUT(fff.elf elf32-littlearm)

.debug_info     0x00000000    0x29e9a
 .debug_info    0x00000000     0x1878 Drivers/ILI9488/Src/FONTX2.o
 .debug_info    0x00001878     0x1aec Drivers/ILI9488/Src/HR2046.o
 .debug_info    0x00003364     0x34fa Drivers/ILI9488/Src/ILI9488.o
 .debug_info    0x0000685e     0x13dc Drivers/ILI9488/Src/bitmap.o
 .debug_info    0x00007c3a     0x11ee Drivers/ILI9488/Src/vkeyboard.o
 .debug_info    0x00008e28     0x1201 Drivers/STM32F4xx_HAL_Driver/Src/stm32f4xx_hal.o
 .debug_info    0x0000a029     0x1753 Drivers/STM32F4xx_HAL_Driver/Src/stm32f4xx_hal_cortex.o
 .debug_info    0x0000b77c      0xf98 Drivers/STM32F4xx_HAL_Driver/Src/stm32f4xx_hal_gpio.o
 .debug_info    0x0000c714     0x40ec Drivers/STM32F4xx_HAL_Driver/Src/stm32f4xx_hal_i2c.o
 .debug_info    0x00010800     0x1297 Drivers/STM32F4xx_HAL_Driver/Src/stm32f4xx_hal_rcc.o
 .debug_info    0x00011a97     0x290a Drivers/STM32F4xx_HAL_Driver/Src/stm32f4xx_hal_spi.o
 .debug_info    0x000143a1     0x13e6 Drivers/STM32F4xx_HAL_Driver/Src/stm32f4xx_hal_sram.o
 .debug_info    0x00015787     0x12c8 Drivers/STM32F4xx_HAL_Driver/Src/stm32f4xx_ll_fsmc.o
 .debug_info    0x00016a4f     0xa4ab Drivers/chan-fatfs/Src/ff.o
 .debug_info    0x00020efa      0x2c8 Drivers/chan-fatfs/Src/ffunicode.o
 .debug_info    0x000211c2     0x3126 Drivers/chan-fatfs/Src/mmc_stm32f4_hal.o
 .debug_info    0x000242e8     0x28b8 Src/main.o
 .debug_info    0x00026ba0     0x1bc4 Src/stm32f4xx_hal_msp.o
 .debug_info    0x00028764      0x9eb Src/stm32f4xx_it.o
 .debug_info    0x0002914f      0xd29 Src/system_stm32f4xx.o
 .debug_info    0x00029e78       0x22 startup/startup_stm32f407xx.o

.debug_abbrev   0x00000000     0x3e3d
 .debug_abbrev  0x00000000      0x35c Drivers/ILI9488/Src/FONTX2.o
 .debug_abbrev  0x0000035c      0x340 Drivers/ILI9488/Src/HR2046.o
 .debug_abbrev  0x0000069c      0x39f Drivers/ILI9488/Src/ILI9488.o
 .debug_abbrev  0x00000a3b      0x2bc Drivers/ILI9488/Src/bitmap.o
 .debug_abbrev  0x00000cf7      0x2a2 Drivers/ILI9488/Src/vkeyboard.o
 .debug_abbrev  0x00000f99      0x347 Drivers/STM32F4xx_HAL_Driver/Src/stm32f4xx_hal.o
 .debug_abbrev  0x000012e0      0x3ce Drivers/STM32F4xx_HAL_Driver/Src/stm32f4xx_hal_cortex.o
 .debug_abbrev  0x000016ae      0x2a5 Drivers/STM32F4xx_HAL_Driver/Src/stm32f4xx_hal_gpio.o
 .debug_abbrev  0x00001953      0x424 Drivers/STM32F4xx_HAL_Driver/Src/stm32f4xx_hal_i2c.o
 .debug_abbrev  0x00001d77      0x383 Drivers/STM32F4xx_HAL_Driver/Src/stm32f4xx_hal_rcc.o
 .debug_abbrev  0x000020fa      0x428 Drivers/STM32F4xx_HAL_Driver/Src/stm32f4xx_hal_spi.o
 .debug_abbrev  0x00002522      0x2c2 Drivers/STM32F4xx_HAL_Driver/Src/stm32f4xx_hal_sram.o
 .debug_abbrev  0x000027e4      0x279 Drivers/STM32F4xx_HAL_Driver/Src/stm32f4xx_ll_fsmc.o
 .debug_abbrev  0x00002a5d      0x3a8 Drivers/chan-fatfs/Src/ff.o
 .debug_abbrev  0x00002e05       0xf3 Drivers/chan-fatfs/Src/ffunicode.o
 .debug_abbrev  0x00002ef8      0x412 Drivers/chan-fatfs/Src/mmc_stm32f4_hal.o
 .debug_abbrev  0x0000330a      0x3d7 Src/main.o
 .debug_abbrev  0x000036e1      0x30f Src/stm32f4xx_hal_msp.o
 .debug_abbrev  0x000039f0      0x236 Src/stm32f4xx_it.o
 .debug_abbrev  0x00003c26      0x205 Src/system_stm32f4xx.o
 .debug_abbrev  0x00003e2b       0x12 startup/startup_stm32f407xx.o

.debug_loc      0x00000000    0x236c3
 .debug_loc     0x00000000      0x782 Drivers/ILI9488/Src/FONTX2.o
 .debug_loc     0x00000782      0x286 Drivers/ILI9488/Src/HR2046.o
 .debug_loc     0x00000a08     0x3cbd Drivers/ILI9488/Src/ILI9488.o
 .debug_loc     0x000046c5      0x5dc Drivers/ILI9488/Src/bitmap.o
 .debug_loc     0x00004ca1      0x1aa Drivers/ILI9488/Src/vkeyboard.o
 .debug_loc     0x00004e4b      0x10d Drivers/STM32F4xx_HAL_Driver/Src/stm32f4xx_hal.o
 .debug_loc     0x00004f58      0x5c9 Drivers/STM32F4xx_HAL_Driver/Src/stm32f4xx_hal_cortex.o
 .debug_loc     0x00005521      0x48f Drivers/STM32F4xx_HAL_Driver/Src/stm32f4xx_hal_gpio.o
 .debug_loc     0x000059b0     0x4411 Drivers/STM32F4xx_HAL_Driver/Src/stm32f4xx_hal_i2c.o
 .debug_loc     0x00009dc1      0x3d0 Drivers/STM32F4xx_HAL_Driver/Src/stm32f4xx_hal_rcc.o
 .debug_loc     0x0000a191     0x29ad Drivers/STM32F4xx_HAL_Driver/Src/stm32f4xx_hal_spi.o
 .debug_loc     0x0000cb3e      0x858 Drivers/STM32F4xx_HAL_Driver/Src/stm32f4xx_hal_sram.o
 .debug_loc     0x0000d396      0x73f Drivers/STM32F4xx_HAL_Driver/Src/stm32f4xx_ll_fsmc.o
 .debug_loc     0x0000dad5    0x13e29 Drivers/chan-fatfs/Src/ff.o
 .debug_loc     0x000218fe      0xa27 Drivers/chan-fatfs/Src/ffunicode.o
 .debug_loc     0x00022325     0x115a Drivers/chan-fatfs/Src/mmc_stm32f4_hal.o
 .debug_loc     0x0002347f       0xf8 Src/stm32f4xx_hal_msp.o
 .debug_loc     0x00023577      0x14c Src/system_stm32f4xx.o

.debug_aranges  0x00000000      0xae0
 .debug_aranges
                0x00000000       0x38 Drivers/ILI9488/Src/FONTX2.o
 .debug_aranges
                0x00000038       0x50 Drivers/ILI9488/Src/HR2046.o
 .debug_aranges
                0x00000088       0x90 Drivers/ILI9488/Src/ILI9488.o
 .debug_aranges
                0x00000118       0x28 Drivers/ILI9488/Src/bitmap.o
 .debug_aranges
                0x00000140       0x28 Drivers/ILI9488/Src/vkeyboard.o
 .debug_aranges
                0x00000168       0xd8 Drivers/STM32F4xx_HAL_Driver/Src/stm32f4xx_hal.o
 .debug_aranges
                0x00000240       0xa8 Drivers/STM32F4xx_HAL_Driver/Src/stm32f4xx_hal_cortex.o
 .debug_aranges
                0x000002e8       0x58 Drivers/STM32F4xx_HAL_Driver/Src/stm32f4xx_hal_gpio.o
 .debug_aranges
                0x00000340      0x158 Drivers/STM32F4xx_HAL_Driver/Src/stm32f4xx_hal_i2c.o
 .debug_aranges
                0x00000498       0x88 Drivers/STM32F4xx_HAL_Driver/Src/stm32f4xx_hal_rcc.o
 .debug_aranges
                0x00000520      0x168 Drivers/STM32F4xx_HAL_Driver/Src/stm32f4xx_hal_spi.o
 .debug_aranges
                0x00000688       0x88 Drivers/STM32F4xx_HAL_Driver/Src/stm32f4xx_hal_sram.o
 .debug_aranges
                0x00000710       0xa8 Drivers/STM32F4xx_HAL_Driver/Src/stm32f4xx_ll_fsmc.o
 .debug_aranges
                0x000007b8      0x188 Drivers/chan-fatfs/Src/ff.o
 .debug_aranges
                0x00000940       0x30 Drivers/chan-fatfs/Src/ffunicode.o
 .debug_aranges
                0x00000970       0x50 Drivers/chan-fatfs/Src/mmc_stm32f4_hal.o
 .debug_aranges
                0x000009c0       0x38 Src/main.o
 .debug_aranges
                0x000009f8       0x50 Src/stm32f4xx_hal_msp.o
 .debug_aranges
                0x00000a48       0x48 Src/stm32f4xx_it.o
 .debug_aranges
                0x00000a90       0x28 Src/system_stm32f4xx.o
 .debug_aranges
                0x00000ab8       0x28 startup/startup_stm32f407xx.o

.debug_ranges   0x00000000     0x70c8
 .debug_ranges  0x00000000      0x150 Drivers/ILI9488/Src/FONTX2.o
 .debug_ranges  0x00000150      0x268 Drivers/ILI9488/Src/HR2046.o
 .debug_ranges  0x000003b8     0x2328 Drivers/ILI9488/Src/ILI9488.o
 .debug_ranges  0x000026e0       0xb0 Drivers/ILI9488/Src/bitmap.o
 .debug_ranges  0x00002790       0x78 Drivers/ILI9488/Src/vkeyboard.o
 .debug_ranges  0x00002808       0xc8 Drivers/STM32F4xx_HAL_Driver/Src/stm32f4xx_hal.o
 .debug_ranges  0x000028d0      0x138 Drivers/STM32F4xx_HAL_Driver/Src/stm32f4xx_hal_cortex.o
 .debug_ranges  0x00002a08       0x68 Drivers/STM32F4xx_HAL_Driver/Src/stm32f4xx_hal_gpio.o
 .debug_ranges  0x00002a70      0xcb0 Drivers/STM32F4xx_HAL_Driver/Src/stm32f4xx_hal_i2c.o
 .debug_ranges  0x00003720      0x100 Drivers/STM32F4xx_HAL_Driver/Src/stm32f4xx_hal_rcc.o
 .debug_ranges  0x00003820      0x700 Drivers/STM32F4xx_HAL_Driver/Src/stm32f4xx_hal_spi.o
 .debug_ranges  0x00003f20       0x78 Drivers/STM32F4xx_HAL_Driver/Src/stm32f4xx_hal_sram.o
 .debug_ranges  0x00003f98       0x98 Drivers/STM32F4xx_HAL_Driver/Src/stm32f4xx_ll_fsmc.o
 .debug_ranges  0x00004030     0x2a08 Drivers/chan-fatfs/Src/ff.o
 .debug_ranges  0x00006a38       0x20 Drivers/chan-fatfs/Src/ffunicode.o
 .debug_ranges  0x00006a58      0x420 Drivers/chan-fatfs/Src/mmc_stm32f4_hal.o
 .debug_ranges  0x00006e78       0xc8 Src/main.o
 .debug_ranges  0x00006f40      0x118 Src/stm32f4xx_hal_msp.o
 .debug_ranges  0x00007058       0x38 Src/stm32f4xx_it.o
 .debug_ranges  0x00007090       0x18 Src/system_stm32f4xx.o
 .debug_ranges  0x000070a8       0x20 startup/startup_stm32f407xx.o

.debug_macro    0x00000000    0x235bd
 .debug_macro   0x00000000      0x3f1 Drivers/ILI9488/Src/FONTX2.o
 .debug_macro   0x000003f1      0xa60 Drivers/ILI9488/Src/FONTX2.o
 .debug_macro   0x00000e51       0x22 Drivers/ILI9488/Src/FONTX2.o
 .debug_macro   0x00000e73       0x87 Drivers/ILI9488/Src/FONTX2.o
 .debug_macro   0x00000efa       0x51 Drivers/ILI9488/Src/FONTX2.o
 .debug_macro   0x00000f4b       0xef Drivers/ILI9488/Src/FONTX2.o
 .debug_macro   0x0000103a       0x6a Drivers/ILI9488/Src/FONTX2.o
 .debug_macro   0x000010a4      0x1df Drivers/ILI9488/Src/FONTX2.o
 .debug_macro   0x00001283       0x32 Drivers/ILI9488/Src/FONTX2.o
 .debug_macro   0x000012b5       0x2f Drivers/ILI9488/Src/FONTX2.o
 .debug_macro   0x000012e4       0x3b Drivers/ILI9488/Src/FONTX2.o
 .debug_macro   0x0000131f       0x50 Drivers/ILI9488/Src/FONTX2.o
 .debug_macro   0x0000136f      0xe66 Drivers/ILI9488/Src/FONTX2.o
 .debug_macro   0x000021d5    0x15d08 Drivers/ILI9488/Src/FONTX2.o
 .debug_macro   0x00017edd       0x43 Drivers/ILI9488/Src/FONTX2.o
 .debug_macro   0x00017f20       0x28 Drivers/ILI9488/Src/FONTX2.o
 .debug_macro   0x00017f48      0x186 Drivers/ILI9488/Src/FONTX2.o
 .debug_macro   0x000180ce     0x3535 Drivers/ILI9488/Src/FONTX2.o
 .debug_macro   0x0001b603       0x58 Drivers/ILI9488/Src/FONTX2.o
 .debug_macro   0x0001b65b       0x17 Drivers/ILI9488/Src/FONTX2.o
 .debug_macro   0x0001b672       0x35 Drivers/ILI9488/Src/FONTX2.o
 .debug_macro   0x0001b6a7       0x9c Drivers/ILI9488/Src/FONTX2.o
 .debug_macro   0x0001b743       0x16 Drivers/ILI9488/Src/FONTX2.o
 .debug_macro   0x0001b759       0x97 Drivers/ILI9488/Src/FONTX2.o
 .debug_macro   0x0001b7f0      0x330 Drivers/ILI9488/Src/FONTX2.o
 .debug_macro   0x0001bb20       0xfd Drivers/ILI9488/Src/FONTX2.o
 .debug_macro   0x0001bc1d       0x10 Drivers/ILI9488/Src/FONTX2.o
 .debug_macro   0x0001bc2d       0x58 Drivers/ILI9488/Src/FONTX2.o
 .debug_macro   0x0001bc85       0x1f Drivers/ILI9488/Src/FONTX2.o
 .debug_macro   0x0001bca4       0x43 Drivers/ILI9488/Src/FONTX2.o
 .debug_macro   0x0001bce7       0x20 Drivers/ILI9488/Src/FONTX2.o
 .debug_macro   0x0001bd07      0x18e Drivers/ILI9488/Src/FONTX2.o
 .debug_macro   0x0001be95       0x10 Drivers/ILI9488/Src/FONTX2.o
 .debug_macro   0x0001bea5       0x1c Drivers/ILI9488/Src/FONTX2.o
 .debug_macro   0x0001bec1       0x52 Drivers/ILI9488/Src/FONTX2.o
 .debug_macro   0x0001bf13       0x40 Drivers/ILI9488/Src/FONTX2.o
 .debug_macro   0x0001bf53       0x10 Drivers/ILI9488/Src/FONTX2.o
 .debug_macro   0x0001bf63       0x40 Drivers/ILI9488/Src/FONTX2.o
 .debug_macro   0x0001bfa3       0xd7 Drivers/ILI9488/Src/FONTX2.o
 .debug_macro   0x0001c07a       0x1c Drivers/ILI9488/Src/FONTX2.o
 .debug_macro   0x0001c096       0x3d Drivers/ILI9488/Src/FONTX2.o
 .debug_macro   0x0001c0d3       0x16 Drivers/ILI9488/Src/FONTX2.o
 .debug_macro   0x0001c0e9      0x16f Drivers/ILI9488/Src/FONTX2.o
 .debug_macro   0x0001c258       0x50 Drivers/ILI9488/Src/FONTX2.o
 .debug_macro   0x0001c2a8      0x96b Drivers/ILI9488/Src/FONTX2.o
 .debug_macro   0x0001cc13      0xa02 Drivers/ILI9488/Src/FONTX2.o
 .debug_macro   0x0001d615      0x11e Drivers/ILI9488/Src/FONTX2.o
 .debug_macro   0x0001d733      0x13e Drivers/ILI9488/Src/FONTX2.o
 .debug_macro   0x0001d871       0x27 Drivers/ILI9488/Src/FONTX2.o
 .debug_macro   0x0001d898      0x287 Drivers/ILI9488/Src/FONTX2.o
 .debug_macro   0x0001db1f       0x5f Drivers/ILI9488/Src/FONTX2.o
 .debug_macro   0x0001db7e      0x23a Drivers/ILI9488/Src/FONTX2.o
 .debug_macro   0x0001ddb8      0x133 Drivers/ILI9488/Src/FONTX2.o
 .debug_macro   0x0001deeb      0x21e Drivers/ILI9488/Src/FONTX2.o
 .debug_macro   0x0001e109       0x2e Drivers/ILI9488/Src/FONTX2.o
 .debug_macro   0x0001e137      0x543 Drivers/ILI9488/Src/FONTX2.o
 .debug_macro   0x0001e67a      0x1a7 Drivers/ILI9488/Src/FONTX2.o
 .debug_macro   0x0001e821       0xa5 Drivers/ILI9488/Src/FONTX2.o
 .debug_macro   0x0001e8c6      0x11e Drivers/ILI9488/Src/FONTX2.o
 .debug_macro   0x0001e9e4       0x7f Drivers/ILI9488/Src/FONTX2.o
 .debug_macro   0x0001ea63       0x89 Drivers/ILI9488/Src/FONTX2.o
 .debug_macro   0x0001eaec      0x202 Drivers/ILI9488/Src/FONTX2.o
 .debug_macro   0x0001ecee      0x134 Drivers/ILI9488/Src/FONTX2.o
 .debug_macro   0x0001ee22       0x16 Drivers/ILI9488/Src/FONTX2.o
 .debug_macro   0x0001ee38       0x35 Drivers/ILI9488/Src/FONTX2.o
 .debug_macro   0x0001ee6d       0x10 Drivers/ILI9488/Src/FONTX2.o
 .debug_macro   0x0001ee7d       0x22 Drivers/ILI9488/Src/FONTX2.o
 .debug_macro   0x0001ee9f       0x16 Drivers/ILI9488/Src/FONTX2.o
 .debug_macro   0x0001eeb5       0x16 Drivers/ILI9488/Src/FONTX2.o
 .debug_macro   0x0001eecb       0x29 Drivers/ILI9488/Src/FONTX2.o
 .debug_macro   0x0001eef4       0x34 Drivers/ILI9488/Src/FONTX2.o
 .debug_macro   0x0001ef28       0x1c Drivers/ILI9488/Src/FONTX2.o
 .debug_macro   0x0001ef44       0xf8 Drivers/ILI9488/Src/FONTX2.o
 .debug_macro   0x0001f03c       0xe8 Drivers/ILI9488/Src/FONTX2.o
 .debug_macro   0x0001f124       0x22 Drivers/ILI9488/Src/FONTX2.o
 .debug_macro   0x0001f146      0x35c Drivers/ILI9488/Src/HR2046.o
 .debug_macro   0x0001f4a2       0x35 Drivers/ILI9488/Src/HR2046.o
 .debug_macro   0x0001f4d7       0x40 Drivers/ILI9488/Src/HR2046.o
 .debug_macro   0x0001f517      0x3bb Drivers/ILI9488/Src/ILI9488.o
 .debug_macro   0x0001f8d2      0x3ec Drivers/ILI9488/Src/bitmap.o
 .debug_macro   0x0001fcbe       0x34 Drivers/ILI9488/Src/bitmap.o
 .debug_macro   0x0001fcf2      0x403 Drivers/ILI9488/Src/vkeyboard.o
 .debug_macro   0x000200f5       0x22 Drivers/ILI9488/Src/vkeyboard.o
 .debug_macro   0x00020117       0x46 Drivers/ILI9488/Src/vkeyboard.o
 .debug_macro   0x0002015d       0x34 Drivers/ILI9488/Src/vkeyboard.o
 .debug_macro   0x00020191      0x3a1 Drivers/STM32F4xx_HAL_Driver/Src/stm32f4xx_hal.o
 .debug_macro   0x00020532      0x341 Drivers/STM32F4xx_HAL_Driver/Src/stm32f4xx_hal_cortex.o
 .debug_macro   0x00020873      0x379 Drivers/STM32F4xx_HAL_Driver/Src/stm32f4xx_hal_gpio.o
 .debug_macro   0x00020bec      0x381 Drivers/STM32F4xx_HAL_Driver/Src/stm32f4xx_hal_i2c.o
 .debug_macro   0x00020f6d      0x365 Drivers/STM32F4xx_HAL_Driver/Src/stm32f4xx_hal_rcc.o
 .debug_macro   0x000212d2      0x349 Drivers/STM32F4xx_HAL_Driver/Src/stm32f4xx_hal_spi.o
 .debug_macro   0x0002161b      0x341 Drivers/STM32F4xx_HAL_Driver/Src/stm32f4xx_hal_sram.o
 .debug_macro   0x0002195c      0x341 Drivers/STM32F4xx_HAL_Driver/Src/stm32f4xx_ll_fsmc.o
 .debug_macro   0x00021c9d      0x4ba Drivers/chan-fatfs/Src/ff.o
 .debug_macro   0x00022157       0xd0 Drivers/chan-fatfs/Src/ff.o
 .debug_macro   0x00022227       0x58 Drivers/chan-fatfs/Src/ff.o
 .debug_macro   0x0002227f       0x3f Drivers/chan-fatfs/Src/ffunicode.o
 .debug_macro   0x000222be      0x3f5 Drivers/chan-fatfs/Src/mmc_stm32f4_hal.o
 .debug_macro   0x000226b3       0x16 Drivers/chan-fatfs/Src/mmc_stm32f4_hal.o
 .debug_macro   0x000226c9       0xbe Drivers/chan-fatfs/Src/mmc_stm32f4_hal.o
 .debug_macro   0x00022787      0x423 Src/main.o
 .debug_macro   0x00022baa       0x40 Src/main.o
 .debug_macro   0x00022bea      0x341 Src/stm32f4xx_hal_msp.o
 .debug_macro   0x00022f2b      0x34b Src/stm32f4xx_it.o
 .debug_macro   0x00023276      0x347 Src/system_stm32f4xx.o

.debug_line     0x00000000    0x10d56
 .debug_line    0x00000000      0xa1a Drivers/ILI9488/Src/FONTX2.o
 .debug_line    0x00000a1a      0x97f Drivers/ILI9488/Src/HR2046.o
 .debug_line    0x00001399     0x1631 Drivers/ILI9488/Src/ILI9488.o
 .debug_line    0x000029ca      0x9ac Drivers/ILI9488/Src/bitmap.o
 .debug_line    0x00003376      0x973 Drivers/ILI9488/Src/vkeyboard.o
 .debug_line    0x00003ce9      0x992 Drivers/STM32F4xx_HAL_Driver/Src/stm32f4xx_hal.o
 .debug_line    0x0000467b      0xa2c Drivers/STM32F4xx_HAL_Driver/Src/stm32f4xx_hal_cortex.o
 .debug_line    0x000050a7      0x9b7 Drivers/STM32F4xx_HAL_Driver/Src/stm32f4xx_hal_gpio.o
 .debug_line    0x00005a5e     0x1f38 Drivers/STM32F4xx_HAL_Driver/Src/stm32f4xx_hal_i2c.o
 .debug_line    0x00007996      0xabe Drivers/STM32F4xx_HAL_Driver/Src/stm32f4xx_hal_rcc.o
 .debug_line    0x00008454     0x14fc Drivers/STM32F4xx_HAL_Driver/Src/stm32f4xx_hal_spi.o
 .debug_line    0x00009950      0xb05 Drivers/STM32F4xx_HAL_Driver/Src/stm32f4xx_hal_sram.o
 .debug_line    0x0000a455      0xa90 Drivers/STM32F4xx_HAL_Driver/Src/stm32f4xx_ll_fsmc.o
 .debug_line    0x0000aee5     0x2d02 Drivers/chan-fatfs/Src/ff.o
 .debug_line    0x0000dbe7      0x1bc Drivers/chan-fatfs/Src/ffunicode.o
 .debug_line    0x0000dda3      0xc7a Drivers/chan-fatfs/Src/mmc_stm32f4_hal.o
 .debug_line    0x0000ea1d      0x9da Src/main.o
 .debug_line    0x0000f3f7      0x8f3 Src/stm32f4xx_hal_msp.o
 .debug_line    0x0000fcea      0x804 Src/stm32f4xx_it.o
 .debug_line    0x000104ee      0x7e9 Src/system_stm32f4xx.o
 .debug_line    0x00010cd7       0x7f startup/startup_stm32f407xx.o

.debug_str      0x00000000    0xc6624
 .debug_str     0x00000000    0xbec73 Drivers/ILI9488/Src/FONTX2.o
                              0xbefb6 (size before relaxing)
 .debug_str     0x000bec73      0x679 Drivers/ILI9488/Src/HR2046.o
                              0xbea90 (size before relaxing)
 .debug_str     0x000bf2ec      0x122 Drivers/ILI9488/Src/ILI9488.o
                              0xbe786 (size before relaxing)
 .debug_str     0x000bf40e      0x12f Drivers/ILI9488/Src/bitmap.o
                              0xbee70 (size before relaxing)
 .debug_str     0x000bf53d      0x14e Drivers/ILI9488/Src/vkeyboard.o
                              0xbeee2 (size before relaxing)
 .debug_str     0x000bf68b      0xbf4 Drivers/STM32F4xx_HAL_Driver/Src/stm32f4xx_hal.o
                              0xbf0b0 (size before relaxing)
 .debug_str     0x000c027f      0x3ae Drivers/STM32F4xx_HAL_Driver/Src/stm32f4xx_hal_cortex.o
                              0xbedf2 (size before relaxing)
 .debug_str     0x000c062d      0x1f3 Drivers/STM32F4xx_HAL_Driver/Src/stm32f4xx_hal_gpio.o
                              0xbe785 (size before relaxing)
 .debug_str     0x000c0820      0xcfc Drivers/STM32F4xx_HAL_Driver/Src/stm32f4xx_hal_i2c.o
                              0xbf38b (size before relaxing)
 .debug_str     0x000c151c      0x354 Drivers/STM32F4xx_HAL_Driver/Src/stm32f4xx_hal_rcc.o
                              0xbe94f (size before relaxing)
 .debug_str     0x000c1870      0x4cf Drivers/STM32F4xx_HAL_Driver/Src/stm32f4xx_hal_spi.o
                              0xbed6b (size before relaxing)
 .debug_str     0x000c1d3f      0x3b2 Drivers/STM32F4xx_HAL_Driver/Src/stm32f4xx_hal_sram.o
                              0xbeb04 (size before relaxing)
 .debug_str     0x000c20f1      0x105 Drivers/STM32F4xx_HAL_Driver/Src/stm32f4xx_ll_fsmc.o
                              0xbe91e (size before relaxing)
 .debug_str     0x000c21f6     0x3f29 Drivers/chan-fatfs/Src/ff.o
                               0x74a5 (size before relaxing)
 .debug_str     0x000c611f       0x77 Drivers/chan-fatfs/Src/ffunicode.o
                               0x332f (size before relaxing)
 .debug_str     0x000c6196      0x26e Drivers/chan-fatfs/Src/mmc_stm32f4_hal.o
                              0xbedd9 (size before relaxing)
 .debug_str     0x000c6404       0x7b Src/main.o
                              0xc0391 (size before relaxing)
 .debug_str     0x000c647f       0x63 Src/stm32f4xx_hal_msp.o
                              0xbf370 (size before relaxing)
 .debug_str     0x000c64e2       0xb8 Src/stm32f4xx_it.o
                              0xbe461 (size before relaxing)
 .debug_str     0x000c659a       0x5a Src/system_stm32f4xx.o
                              0xbe541 (size before relaxing)
 .debug_str     0x000c65f4       0x30 startup/startup_stm32f407xx.o
                                 0x52 (size before relaxing)

.comment        0x00000000       0x7e
 .comment       0x00000000       0x7e Drivers/ILI9488/Src/FONTX2.o
                                 0x7f (size before relaxing)
 .comment       0x0000007e       0x7f Drivers/ILI9488/Src/HR2046.o
 .comment       0x0000007e       0x7f Drivers/ILI9488/Src/ILI9488.o
 .comment       0x0000007e       0x7f Drivers/ILI9488/Src/bitmap.o
 .comment       0x0000007e       0x7f Drivers/ILI9488/Src/vkeyboard.o
 .comment       0x0000007e       0x7f Drivers/STM32F4xx_HAL_Driver/Src/stm32f4xx_hal.o
 .comment       0x0000007e       0x7f Drivers/STM32F4xx_HAL_Driver/Src/stm32f4xx_hal_cortex.o
 .comment       0x0000007e       0x7f Drivers/STM32F4xx_HAL_Driver/Src/stm32f4xx_hal_gpio.o
 .comment       0x0000007e       0x7f Drivers/STM32F4xx_HAL_Driver/Src/stm32f4xx_hal_i2c.o
 .comment       0x0000007e       0x7f Drivers/STM32F4xx_HAL_Driver/Src/stm32f4xx_hal_rcc.o
 .comment       0x0000007e       0x7f Drivers/STM32F4xx_HAL_Driver/Src/stm32f4xx_hal_spi.o
 .comment       0x0000007e       0x7f Drivers/STM32F4xx_HAL_Driver/Src/stm32f4xx_hal_sram.o
 .comment       0x0000007e       0x7f Drivers/STM32F4xx_HAL_Driver/Src/stm32f4xx_ll_fsmc.o
 .comment       0x0000007e       0x7f Drivers/chan-fatfs/Src/ff.o
 .comment       0x0000007e       0x7f Drivers/chan-fatfs/Src/ffunicode.o
 .comment       0x0000007e       0x7f Drivers/chan-fatfs/Src/mmc_stm32f4_hal.o
 .comment       0x0000007e       0x7f Src/main.o
 .comment       0x0000007e       0x7f Src/stm32f4xx_hal_msp.o
 .comment       0x0000007e       0x7f Src/stm32f4xx_it.o
 .comment       0x0000007e       0x7f Src/system_stm32f4xx.o

.debug_frame    0x00000000     0x2d78
 .debug_frame   0x00000000       0xb8 Drivers/ILI9488/Src/FONTX2.o
 .debug_frame   0x000000b8      0x108 Drivers/ILI9488/Src/HR2046.o
 .debug_frame   0x000001c0      0x218 Drivers/ILI9488/Src/ILI9488.o
 .debug_frame   0x000003d8       0x68 Drivers/ILI9488/Src/bitmap.o
 .debug_frame   0x00000440       0x68 Drivers/ILI9488/Src/vkeyboard.o
 .debug_frame   0x000004a8      0x1d0 Drivers/STM32F4xx_HAL_Driver/Src/stm32f4xx_hal.o
 .debug_frame   0x00000678      0x178 Drivers/STM32F4xx_HAL_Driver/Src/stm32f4xx_hal_cortex.o
 .debug_frame   0x000007f0       0xd8 Drivers/STM32F4xx_HAL_Driver/Src/stm32f4xx_hal_gpio.o
 .debug_frame   0x000008c8      0x7e0 Drivers/STM32F4xx_HAL_Driver/Src/stm32f4xx_hal_i2c.o
 .debug_frame   0x000010a8      0x174 Drivers/STM32F4xx_HAL_Driver/Src/stm32f4xx_hal_rcc.o
 .debug_frame   0x0000121c      0x5f8 Drivers/STM32F4xx_HAL_Driver/Src/stm32f4xx_hal_spi.o
 .debug_frame   0x00001814      0x204 Drivers/STM32F4xx_HAL_Driver/Src/stm32f4xx_hal_sram.o
 .debug_frame   0x00001a18      0x1f8 Drivers/STM32F4xx_HAL_Driver/Src/stm32f4xx_ll_fsmc.o
 .debug_frame   0x00001c10      0x944 Drivers/chan-fatfs/Src/ff.o
 .debug_frame   0x00002554       0x8c Drivers/chan-fatfs/Src/ffunicode.o
 .debug_frame   0x000025e0      0x150 Drivers/chan-fatfs/Src/mmc_stm32f4_hal.o
 .debug_frame   0x00002730       0x70 Src/main.o
 .debug_frame   0x000027a0      0x100 Src/stm32f4xx_hal_msp.o
 .debug_frame   0x000028a0       0xac Src/stm32f4xx_it.o
 .debug_frame   0x0000294c       0x3c Src/system_stm32f4xx.o
 .debug_frame   0x00002988       0x2c c:/ac6/systemworkbench/plugins/fr.ac6.mcu.externaltools.arm-none.win32_1.16.0.201807130628/tools/compiler/bin/../lib/gcc/arm-none-eabi/7.2.1/thumb/v7e-m/fpv4-sp/hard\libgcc.a(_aeabi_uldivmod.o)
 .debug_frame   0x000029b4       0x34 c:/ac6/systemworkbench/plugins/fr.ac6.mcu.externaltools.arm-none.win32_1.16.0.201807130628/tools/compiler/bin/../lib/gcc/arm-none-eabi/7.2.1/thumb/v7e-m/fpv4-sp/hard\libgcc.a(_udivmoddi4.o)
 .debug_frame   0x000029e8       0x2c c:/ac6/systemworkbench/plugins/fr.ac6.mcu.externaltools.arm-none.win32_1.16.0.201807130628/tools/compiler/bin/../lib/gcc/arm-none-eabi/7.2.1/../../../../arm-none-eabi/lib/thumb/v7e-m/fpv4-sp/hard\libc_nano.a(lib_a-init.o)
 .debug_frame   0x00002a14       0x20 c:/ac6/systemworkbench/plugins/fr.ac6.mcu.externaltools.arm-none.win32_1.16.0.201807130628/tools/compiler/bin/../lib/gcc/arm-none-eabi/7.2.1/../../../../arm-none-eabi/lib/thumb/v7e-m/fpv4-sp/hard\libc_nano.a(lib_a-memset.o)
 .debug_frame   0x00002a34       0x6c c:/ac6/systemworkbench/plugins/fr.ac6.mcu.externaltools.arm-none.win32_1.16.0.201807130628/tools/compiler/bin/../lib/gcc/arm-none-eabi/7.2.1/../../../../arm-none-eabi/lib/thumb/v7e-m/fpv4-sp/hard\libc_nano.a(lib_a-sprintf.o)
 .debug_frame   0x00002aa0       0x90 c:/ac6/systemworkbench/plugins/fr.ac6.mcu.externaltools.arm-none.win32_1.16.0.201807130628/tools/compiler/bin/../lib/gcc/arm-none-eabi/7.2.1/../../../../arm-none-eabi/lib/thumb/v7e-m/fpv4-sp/hard\libc_nano.a(lib_a-nano-svfprintf.o)
 .debug_frame   0x00002b30       0x60 c:/ac6/systemworkbench/plugins/fr.ac6.mcu.externaltools.arm-none.win32_1.16.0.201807130628/tools/compiler/bin/../lib/gcc/arm-none-eabi/7.2.1/../../../../arm-none-eabi/lib/thumb/v7e-m/fpv4-sp/hard\libc_nano.a(lib_a-nano-vfprintf_i.o)
 .debug_frame   0x00002b90       0x28 c:/ac6/systemworkbench/plugins/fr.ac6.mcu.externaltools.arm-none.win32_1.16.0.201807130628/tools/compiler/bin/../lib/gcc/arm-none-eabi/7.2.1/../../../../arm-none-eabi/lib/thumb/v7e-m/fpv4-sp/hard\libc_nano.a(lib_a-memcpy-stub.o)
 .debug_frame   0x00002bb8       0x28 c:/ac6/systemworkbench/plugins/fr.ac6.mcu.externaltools.arm-none.win32_1.16.0.201807130628/tools/compiler/bin/../lib/gcc/arm-none-eabi/7.2.1/../../../../arm-none-eabi/lib/thumb/v7e-m/fpv4-sp/hard\libc_nano.a(lib_a-memmove.o)
 .debug_frame   0x00002be0       0x38 c:/ac6/systemworkbench/plugins/fr.ac6.mcu.externaltools.arm-none.win32_1.16.0.201807130628/tools/compiler/bin/../lib/gcc/arm-none-eabi/7.2.1/../../../../arm-none-eabi/lib/thumb/v7e-m/fpv4-sp/hard\libc_nano.a(lib_a-nano-freer.o)
 .debug_frame   0x00002c18       0x2c c:/ac6/systemworkbench/plugins/fr.ac6.mcu.externaltools.arm-none.win32_1.16.0.201807130628/tools/compiler/bin/../lib/gcc/arm-none-eabi/7.2.1/../../../../arm-none-eabi/lib/thumb/v7e-m/fpv4-sp/hard\libc_nano.a(lib_a-nano-mallocr.o)
 .debug_frame   0x00002c44       0x3c c:/ac6/systemworkbench/plugins/fr.ac6.mcu.externaltools.arm-none.win32_1.16.0.201807130628/tools/compiler/bin/../lib/gcc/arm-none-eabi/7.2.1/../../../../arm-none-eabi/lib/thumb/v7e-m/fpv4-sp/hard\libc_nano.a(lib_a-nano-reallocr.o)
 .debug_frame   0x00002c80       0x2c c:/ac6/systemworkbench/plugins/fr.ac6.mcu.externaltools.arm-none.win32_1.16.0.201807130628/tools/compiler/bin/../lib/gcc/arm-none-eabi/7.2.1/../../../../arm-none-eabi/lib/thumb/v7e-m/fpv4-sp/hard\libc_nano.a(lib_a-sbrkr.o)
 .debug_frame   0x00002cac       0x30 c:/ac6/systemworkbench/plugins/fr.ac6.mcu.externaltools.arm-none.win32_1.16.0.201807130628/tools/compiler/bin/../lib/gcc/arm-none-eabi/7.2.1/../../../../arm-none-eabi/lib/thumb/v7e-m/fpv4-sp/hard\libc_nano.a(lib_a-mlock.o)
 .debug_frame   0x00002cdc       0x20 c:/ac6/systemworkbench/plugins/fr.ac6.mcu.externaltools.arm-none.win32_1.16.0.201807130628/tools/compiler/bin/../lib/gcc/arm-none-eabi/7.2.1/../../../../arm-none-eabi/lib/thumb/v7e-m/fpv4-sp/hard\libc_nano.a(lib_a-nano-msizer.o)
 .debug_frame   0x00002cfc       0x5c c:/ac6/systemworkbench/plugins/fr.ac6.mcu.externaltools.arm-none.win32_1.16.0.201807130628/tools/compiler/bin/../lib/gcc/arm-none-eabi/7.2.1/../../../../arm-none-eabi/lib/thumb/v7e-m/fpv4-sp/hard\libc_nano.a(lib_a-reent.o)
 .debug_frame   0x00002d58       0x20 c:/ac6/systemworkbench/plugins/fr.ac6.mcu.externaltools.arm-none.win32_1.16.0.201807130628/tools/compiler/bin/../lib/gcc/arm-none-eabi/7.2.1/../../../../arm-none-eabi/lib/thumb/v7e-m/fpv4-sp/hard\libnosys.a(sbrk.o)
